ARM Linker, 5.03 [Build 76] [MDK-ARM Standard]

==============================================================================

Section Cross References

    main.o(.text) refers to system_stm32f10x.o(.text) for SystemInit
    main.o(.text) refers to delay.o(.text) for delay_init
    main.o(.text) refers to sys.o(.text) for NVIC_Configuration
    main.o(.text) refers to usart.o(.text) for uart_init
    main.o(.text) refers to led.o(.text) for LED_Init
    main.o(.text) refers to key.o(.text) for KEY_Init
    main.o(.text) refers to pwm.o(.text) for PWM_Init
    main.o(.text) refers to mpu6050.o(.text) for MPU_Init
    main.o(.text) refers to ultrasonicwave.o(.text) for UltrasonicWave_Configuration
    main.o(.text) refers to usart2.o(.text) for USART2_Init
    main.o(.text) refers to common.o(.text) for atk_8266_init
    system_stm32f10x.o(.text) refers to system_stm32f10x.o(.data) for SystemCoreClock
    led.o(.text) refers to stm32f10x_rcc.o(.text) for RCC_APB2PeriphClockCmd
    led.o(.text) refers to stm32f10x_gpio.o(.text) for GPIO_Init
    key.o(.text) refers to stm32f10x_rcc.o(.text) for RCC_APB2PeriphClockCmd
    key.o(.text) refers to stm32f10x_gpio.o(.text) for GPIO_Init
    key.o(.text) refers to delay.o(.text) for delay_ms
    key.o(.text) refers to key.o(.data) for key_up
    delay.o(.text) refers to misc.o(.text) for SysTick_CLKSourceConfig
    delay.o(.text) refers to delay.o(.data) for fac_us
    sys.o(.text) refers to misc.o(.text) for NVIC_PriorityGroupConfig
    usart.o(.text) refers (Special) to use_no_semi_2.o(.text) for __use_no_semihosting
    usart.o(.text) refers to stm32f10x_rcc.o(.text) for RCC_APB2PeriphClockCmd
    usart.o(.text) refers to stm32f10x_gpio.o(.text) for GPIO_Init
    usart.o(.text) refers to misc.o(.text) for NVIC_Init
    usart.o(.text) refers to stm32f10x_usart.o(.text) for USART_Init
    usart.o(.text) refers to usart.o(.data) for USART_RX_STA
    usart.o(.text) refers to usart.o(.bss) for USART_RX_BUF
    usart.o(.bss) refers (Special) to use_no_semi_2.o(.text) for __use_no_semihosting
    usart.o(.data) refers (Special) to use_no_semi_2.o(.text) for __use_no_semihosting
    startup_stm32f10x_md.o(STACK) refers (Special) to heapauxi.o(.text) for __use_two_region_memory
    startup_stm32f10x_md.o(HEAP) refers (Special) to heapauxi.o(.text) for __use_two_region_memory
    startup_stm32f10x_md.o(RESET) refers (Special) to heapauxi.o(.text) for __use_two_region_memory
    startup_stm32f10x_md.o(RESET) refers to startup_stm32f10x_md.o(STACK) for __initial_sp
    startup_stm32f10x_md.o(RESET) refers to startup_stm32f10x_md.o(.text) for Reset_Handler
    startup_stm32f10x_md.o(RESET) refers to stm32f10x_it.o(.text) for NMI_Handler
    startup_stm32f10x_md.o(RESET) refers to exti.o(.text) for EXTI0_IRQHandler
    startup_stm32f10x_md.o(RESET) refers to timer.o(.text) for TIM3_IRQHandler
    startup_stm32f10x_md.o(RESET) refers to usart2.o(.text) for TIM4_IRQHandler
    startup_stm32f10x_md.o(RESET) refers to usart.o(.text) for USART1_IRQHandler
    startup_stm32f10x_md.o(.text) refers (Special) to heapauxi.o(.text) for __use_two_region_memory
    startup_stm32f10x_md.o(.text) refers to system_stm32f10x.o(.text) for SystemInit
    startup_stm32f10x_md.o(.text) refers to __main.o(!!!main) for __main
    startup_stm32f10x_md.o(.text) refers to startup_stm32f10x_md.o(HEAP) for Heap_Mem
    startup_stm32f10x_md.o(.text) refers to startup_stm32f10x_md.o(STACK) for Stack_Mem
    stm32f10x_adc.o(.text) refers to stm32f10x_rcc.o(.text) for RCC_APB2PeriphResetCmd
    stm32f10x_bkp.o(.text) refers to stm32f10x_rcc.o(.text) for RCC_BackupResetCmd
    stm32f10x_can.o(.text) refers to stm32f10x_rcc.o(.text) for RCC_APB1PeriphResetCmd
    stm32f10x_cec.o(.text) refers to stm32f10x_rcc.o(.text) for RCC_APB1PeriphResetCmd
    stm32f10x_dac.o(.text) refers to stm32f10x_rcc.o(.text) for RCC_APB1PeriphResetCmd
    stm32f10x_gpio.o(.text) refers to stm32f10x_rcc.o(.text) for RCC_APB2PeriphResetCmd
    stm32f10x_i2c.o(.text) refers to stm32f10x_rcc.o(.text) for RCC_APB1PeriphResetCmd
    stm32f10x_pwr.o(.text) refers to stm32f10x_rcc.o(.text) for RCC_APB1PeriphResetCmd
    stm32f10x_rcc.o(.text) refers to stm32f10x_rcc.o(.data) for APBAHBPrescTable
    stm32f10x_spi.o(.text) refers to stm32f10x_rcc.o(.text) for RCC_APB2PeriphResetCmd
    stm32f10x_tim.o(.text) refers to stm32f10x_rcc.o(.text) for RCC_APB2PeriphResetCmd
    stm32f10x_usart.o(.text) refers to stm32f10x_rcc.o(.text) for RCC_APB2PeriphResetCmd
    stm32f10x_wwdg.o(.text) refers to stm32f10x_rcc.o(.text) for RCC_APB1PeriphResetCmd
    exti.o(.text) refers to stm32f10x_gpio.o(.text) for GPIO_PinRemapConfig
    exti.o(.text) refers to stm32f10x_rcc.o(.text) for RCC_APB2PeriphClockCmd
    exti.o(.text) refers to stm32f10x_exti.o(.text) for EXTI_Init
    exti.o(.text) refers to misc.o(.text) for NVIC_Init
    exti.o(.text) refers to delay.o(.text) for delay_ms
[...]
    .text                                    0x08002f94   Section        0  mpu6050.o(.text)
    .text                                    0x08003338   Section        0  mpuiic.o(.text)
    .text                                    0x08003580   Section        0  tim2.o(.text)
    .text                                    0x080035ec   Section        0  ultrasonicwave.o(.text)
    .text                                    0x08003700   Section        2  use_no_semi_2.o(.text)
    .text                                    0x08003704   Section        0  c89vsprintf.o(.text)
    .text                                    0x08003728   Section        0  __2printf.o(.text)
    .text                                    0x08003740   Section        0  __2sprintf.o(.text)
    .text                                    0x0800376c   Section        0  _printf_pad.o(.text)
    .text                                    0x080037be   Section        0  _printf_str.o(.text)
    .text                                    0x08003810   Section        0  _printf_dec.o(.text)
    .text                                    0x08003888   Section        0  _printf_hex_int_ll_ptr.o(.text)
    _printf_hex_common                       0x08003889   Thumb Code     0  _printf_hex_int_ll_ptr.o(.text)
    .text                                    0x08003924   Section        0  __printf_flags_ss_wp.o(.text)
    .text                                    0x08003ab0   Section        0  strstr.o(.text)
    .text                                    0x08003ad4   Section        0  strlen.o(.text)
    .text                                    0x08003b12   Section        0  heapauxi.o(.text)
    .text                                    0x08003b18   Section        2  use_no_semi.o(.text)
    .text                                    0x08003b1a   Section        0  _printf_truncate.o(.text)
    .text                                    0x08003b3e   Section        0  _printf_intcommon.o(.text)
    .text                                    0x08003bf6   Section        0  _printf_charcount.o(.text)
    .text                                    0x08003c20   Section        0  _printf_char_common.o(.text)
    _printf_input_char                       0x08003c21   Thumb Code    10  _printf_char_common.o(.text)
    .text                                    0x08003c50   Section        0  _sputc.o(.text)
    .text                                    0x08003c5a   Section        0  _printf_char.o(.text)
    .text                                    0x08003c88   Section        0  _printf_char_file.o(.text)
    .text                                    0x08003cac   Section        0  _printf_wctomb.o(.text)
    .text                                    0x08003d68   Section        0  _printf_longlong_dec.o(.text)
    .text                                    0x08003de0   Section        0  _printf_oct_int_ll.o(.text)
    _printf_longlong_oct_internal            0x08003de1   Thumb Code     0  _printf_oct_int_ll.o(.text)
    .text                                    0x08003e58   Section      138  lludiv10.o(.text)
    .text                                    0x08003ee2   Section        0  _printf_fp_dec.o(.text)
    _fp_digits                               0x08003ee5   Thumb Code   426  _printf_fp_dec.o(.text)
    .text                                    0x08004302   Section        0  _printf_wchar.o(.text)
    .text                                    0x0800432e   Section        0  ferror.o(.text)
    .text                                    0x08004336   Section        0  _wcrtomb.o(.text)
    .text                                    0x08004378   Section        8  libspace.o(.text)
    .text                                    0x08004380   Section       74  sys_stackheap_outer.o(.text)
    .text                                    0x080043cc   Section       16  rt_ctype_table.o(.text)
    .text                                    0x080043dc   Section        8  rt_locale_intlibspace.o(.text)
    .text                                    0x080043e4   Section        0  _printf_fp_infnan.o(.text)
    .text                                    0x08004464   Section        0  bigflt0.o(.text)
    .text                                    0x08004548   Section        0  exit.o(.text)
    .text                                    0x08004554   Section      128  strcmpv7m.o(.text)
    CL$$btod_d2e                             0x080045d4   Section       62  btod.o(CL$$btod_d2e)
    CL$$btod_d2e_denorm_low                  0x08004612   Section       70  btod.o(CL$$btod_d2e_denorm_low)
    CL$$btod_d2e_norm_op1                    0x08004658   Section       96  btod.o(CL$$btod_d2e_norm_op1)
    CL$$btod_div_common                      0x080046b8   Section      824  btod.o(CL$$btod_div_common)
    CL$$btod_e2e                             0x080049f0   Section      198  btod.o(CL$$btod_e2e)
    CL$$btod_ediv                            0x08004ab6   Section       40  btod.o(CL$$btod_ediv)
    CL$$btod_emul                            0x08004ade   Section       40  btod.o(CL$$btod_emul)
    CL$$btod_mult_common                     0x08004b06   Section      580  btod.o(CL$$btod_mult_common)
    i.__ARM_fpclassify                       0x08004d4a   Section        0  fpclassify.o(i.__ARM_fpclassify)
    i._is_digit                              0x08004d72   Section        0  __printf_wp.o(i._is_digit)
    locale$$code                             0x08004d80   Section       44  lc_numeric_c.o(locale$$code)
    locale$$code                             0x08004dac   Section       44  lc_ctype_c.o(locale$$code)
    x$fpl$d2f                                0x08004dd8   Section       98  d2f.o(x$fpl$d2f)
    x$fpl$dadd                               0x08004e3c   Section      336  daddsub_clz.o(x$fpl$dadd)
    _dadd1                                   0x08004e4d   Thumb Code     0  daddsub_clz.o(x$fpl$dadd)
    x$fpl$ddiv                               0x08004f8c   Section      688  ddiv.o(x$fpl$ddiv)
    ddiv_entry                               0x08004f93   Thumb Code     0  ddiv.o(x$fpl$ddiv)
    x$fpl$dflt                               0x0800523c   Section       46  dflt_clz.o(x$fpl$dflt)
    x$fpl$dnaninf                            0x0800526a   Section      156  dnaninf.o(x$fpl$dnaninf)
    x$fpl$dretinf                            0x08005306   Section       12  dretinf.o(x$fpl$dretinf)
    x$fpl$dsub                               0x08005314   Section      468  daddsub_clz.o(x$fpl$dsub)
    _dsub1                                   0x08005325   Thumb Code     0  daddsub_clz.o(x$fpl$dsub)
    x$fpl$ffix                               0x080054e8   Section       54  ffix.o(x$fpl$ffix)
    x$fpl$fmul                               0x08005520   Section      258  fmul.o(x$fpl$fmul)
    x$fpl$fnaninf                            0x08005622   Section      140  fnaninf.o(x$fpl$fnaninf)
    x$fpl$fretinf                            0x080056ae   Section       10  fretinf.o(x$fpl$fretinf)
    x$fpl$printf1                            0x080056b8   Section        4  printf1.o(x$fpl$printf1)
    .constdata                               0x080056bc   Section       40  _printf_hex_int_ll_ptr.o(.constdata)
    x$fpl$usenofp                            0x080056bc   Section        0  usenofp.o(x$fpl$usenofp)
    uc_hextab                                0x080056bc   Data          20  _printf_hex_int_ll_ptr.o(.constdata)
    lc_hextab                                0x080056d0   Data          20  _printf_hex_int_ll_ptr.o(.constdata)
    .constdata                               0x080056e4   Section       17  __printf_flags_ss_wp.o(.constdata)
    maptable                                 0x080056e4   Data          17  __printf_flags_ss_wp.o(.constdata)
    .constdata                               0x080056f8   Section        8  _printf_wctomb.o(.constdata)
    initial_mbstate                          0x080056f8   Data           8  _printf_wctomb.o(.constdata)
    .constdata                               0x08005700   Section      148  bigflt0.o(.constdata)
    tenpwrs_x                                0x08005700   Data          60  bigflt0.o(.constdata)
    tenpwrs_i                                0x0800573c   Data          64  bigflt0.o(.constdata)
    .conststring                             0x08005794   Section      157  common.o(.conststring)
    locale$$data                             0x08005854   Section       28  lc_numeric_c.o(locale$$data)
    __lcnum_c_name                           0x08005858   Data           2  lc_numeric_c.o(locale$$data)
    __lcnum_c_start                          0x08005860   Data           0  lc_numeric_c.o(locale$$data)
    __lcnum_c_point                          0x0800586c   Data           0  lc_numeric_c.o(locale$$data)
    __lcnum_c_thousands                      0x0800586e   Data           0  lc_numeric_c.o(locale$$data)
    __lcnum_c_grouping                       0x0800586f   Data           0  lc_numeric_c.o(locale$$data)
    locale$$data                             0x08005870   Section      272  lc_ctype_c.o(locale$$data)
    __lcnum_c_end                            0x08005870   Data           0  lc_numeric_c.o(locale$$data)
    __lcctype_c_name                         0x08005874   Data           2  lc_ctype_c.o(locale$$data)
    __lcctype_c_start                        0x0800587c   Data           0  lc_ctype_c.o(locale$$data)
    __lcctype_c_end                          0x08005980   Data           0  lc_ctype_c.o(locale$$data)
    .data                                    0x20000000   Section       20  system_stm32f10x.o(.data)
    .data                                    0x20000014   Section        1  key.o(.data)
    key_up                                   0x20000014   Data           1  key.o(.data)
    .data                                    0x20000016   Section        4  delay.o(.data)
    fac_us                                   0x20000016   Data           1  delay.o(.data)
    fac_ms                                   0x20000018   Data           2  delay.o(.data)
    .data                                    0x2000001c   Section        8  usart.o(.data)
    .data                                    0x20000024   Section       20  stm32f10x_rcc.o(.data)
    APBAHBPrescTable                         0x20000024   Data          16  stm32f10x_rcc.o(.data)
    ADCPrescTable                            0x20000034   Data           4  stm32f10x_rcc.o(.data)
    .data                                    0x20000038   Section       76  common.o(.data)
    .data                                    0x20000084   Section        2  usart2.o(.data)
    .data                                    0x20000086   Section        2  ultrasonicwave.o(.data)
    .bss                                     0x20000088   Section       64  usart.o(.bss)
    .bss                                     0x200000c8   Section     2048  usart2.o(.bss)
    .bss                                     0x200008c8   Section       96  libspace.o(.bss)
    HEAP                                     0x20000928   Section      512  startup_stm32f10x_md.o(HEAP)
    Heap_Mem                                 0x20000928   Data         512  startup_stm32f10x_md.o(HEAP)
    STACK                                    0x20000b28   Section     1024  startup_stm32f10x_md.o(STACK)
    Stack_Mem                                0x20000b28   Data        1024  startup_stm32f10x_md.o(STACK)
    __initial_sp                             0x20000f28   Data           0  startup_stm32f10x_md.o(STACK)

    Global Symbols

    Symbol Name                              Value     Ov Type        Size  Object(Section)

    BuildAttributes$$THM_ISAv4$P$D$K$B$S$PE$A:L22UL41UL21$X:L11$S22US41US21$IEEE1$IW$USESV6$~STKCKD$USESV7$~SHL$OTIME$ROPI$IEEEX$EBA8$UX$STANDARDLIB$REQ8$PRES8$EABIv2 0x00000000   Number         0  anon$$obj.o ABSOLUTE
    __ARM_use_no_argv                        0x00000000   Number         0  main.o ABSOLUTE
    _printf_flags                            0x00000000   Number         0  printf_stubs.o ABSOLUTE
    _printf_return_value                     0x00000000   Number         0  printf_stubs.o ABSOLUTE
    _printf_sizespec                         0x00000000   Number         0  printf_stubs.o ABSOLUTE
    _printf_widthprec                        0x00000000   Number         0  printf_stubs.o ABSOLUTE
    __ARM_exceptions_init                     - Undefined Weak Reference
    __alloca_initialize                       - Undefined Weak Reference
    __cpp_initialize__aeabi_                  - Undefined Weak Reference
    __cxa_finalize                            - Undefined Weak Reference
    __sigvec_lookup                           - Undefined Weak Reference
    _atexit_init                              - Undefined Weak Reference
    _call_atexit_fns                          - Undefined Weak Reference
    _clock_init                               - Undefined Weak Reference
    _fp_trap_init                             - Undefined Weak Reference
    _fp_trap_shutdown                         - Undefined Weak Reference
    _get_lc_collate                           - Undefined Weak Reference
    _get_lc_monetary                          - Undefined Weak Reference
    _get_lc_time                              - Undefined Weak Reference
    _getenv_init                              - Undefined Weak Reference
    _handle_redirection                       - Undefined Weak Reference
    _init_alloc                               - Undefined Weak Reference
    _init_user_alloc                          - Undefined Weak Reference
    _initio                                   - Undefined Weak Reference
    _mutex_acquire                            - Undefined Weak Reference
    _mutex_release                            - Undefined Weak Reference
    _printf_fp_hex                            - Undefined Weak Reference
    _printf_mbtowc                            - Undefined Weak Reference
    _printf_wc                                - Undefined Weak Reference
    _rand_init                                - Undefined Weak Reference
    _signal_finish                            - Undefined Weak Reference
    _signal_init                              - Undefined Weak Reference
    _terminate_alloc                          - Undefined Weak Reference
    _terminate_user_alloc                     - Undefined Weak Reference
    _terminateio                              - Undefined Weak Reference
    __Vectors_Size                           0x000000ec   Number         0  startup_stm32f10x_md.o ABSOLUTE
    __Vectors                                0x08000000   Data           4  startup_stm32f10x_md.o(RESET)
    __Vectors_End                            0x080000ec   Data           0  startup_stm32f10x_md.o(RESET)
    __main                                   0x080000ed   Thumb Code     8  __main.o(!!!main)
    __scatterload                            0x080000f5   Thumb Code     0  __scatter.o(!!!scatter)
    __scatterload_rt2                        0x080000f5   Thumb Code    44  __scatter.o(!!!scatter)
    __scatterload_rt2_thumb_only             0x080000f5   Thumb Code     0  __scatter.o(!!!scatter)
    __scatterload_null                       0x08000103   Thumb Code     0  __scatter.o(!!!scatter)
    __scatterload_copy                       0x08000129   Thumb Code    26  __scatter_copy.o(!!handler_copy)
    __scatterload_zeroinit                   0x08000145   Thumb Code    28  __scatter_zi.o(!!handler_zi)
    _printf_n                                0x08000161   Thumb Code     0  _printf_n.o(.ARM.Collect$$_printf_percent$$00000001)
    _printf_percent                          0x08000161   Thumb Code     0  _printf_percent.o(.ARM.Collect$$_printf_percent$$00000000)
    _printf_p                                0x08000167   Thumb Code     0  _printf_p.o(.ARM.Collect$$_printf_percent$$00000002)
    _printf_f                                0x0800016d   Thumb Code     0  _printf_f.o(.ARM.Collect$$_printf_percent$$00000003)
    _printf_e                                0x08000173   Thumb Code     0  _printf_e.o(.ARM.Collect$$_printf_percent$$00000004)
    _printf_g                                0x08000179   Thumb Code     0  _printf_g.o(.ARM.Collect$$_printf_percent$$00000005)
    _printf_a                                0x0800017f   Thumb Code     0  _printf_a.o(.ARM.Collect$$_printf_percent$$00000006)
    _printf_ll                               0x08000185   Thumb Code     0  _printf_ll.o(.ARM.Collect$$_printf_percent$$00000007)
    _printf_i                                0x0800018f   Thumb Code     0  _printf_i.o(.ARM.Collect$$_printf_percent$$00000008)
    _printf_d                                0x08000195   Thumb Code     0  _printf_d.o(.ARM.Collect$$_printf_percent$$00000009)
    _printf_u                                0x0800019b   Thumb Code     0  _printf_u.o(.ARM.Collect$$_printf_percent$$0000000A)
    _printf_o                                0x080001a1   Thumb Code     0  _printf_o.o(.ARM.Collect$$_printf_percent$$0000000B)
    _printf_x                                0x080001a7   Thumb Code     0  _printf_x.o(.ARM.Collect$$_printf_percent$$0000000C)
    _printf_lli                              0x080001ad   Thumb Code     0  _printf_lli.o(.ARM.Collect$$_printf_percent$$0000000D)
    _printf_lld                              0x080001b3   Thumb Code     0  _printf_lld.o(.ARM.Collect$$_printf_percent$$0000000E)
    _printf_llu                              0x080001b9   Thumb Code     0  _printf_llu.o(.ARM.Collect$$_printf_percent$$0000000F)
    _printf_llo                              0x080001bf   Thumb Code     0  _printf_llo.o(.ARM.Collect$$_printf_percent$$00000010)
    _printf_llx                              0x080001c5   Thumb Code     0  _printf_llx.o(.ARM.Collect$$_printf_percent$$00000011)
    _printf_l                                0x080001cb   Thumb Code     0  _printf_l.o(.ARM.Collect$$_printf_percent$$00000012)
    _printf_c                                0x080001d5   Thumb Code     0  _printf_c.o(.ARM.Collect$$_printf_percent$$00000013)
    _printf_s                                0x080001db   Thumb Code     0  _printf_s.o(.ARM.Collect$$_printf_percent$$00000014)
    _printf_lc                               0x080001e1   Thumb Code     0  _printf_lc.o(.ARM.Collect$$_printf_percent$$00000015)
    _printf_ls                               0x080001e7   Thumb Code     0  _printf_ls.o(.ARM.Collect$$_printf_percent$$00000016)
    _printf_percent_end                      0x080001ed   Thumb Code     0  _printf_percent_end.o(.ARM.Collect$$_printf_percent$$00000017)
    __rt_lib_init                            0x080001f1   Thumb Code     0  libinit.o(.ARM.Collect$$libinit$$00000000)
    __rt_lib_init_fp_1                       0x080001f3   Thumb Code     0  libinit2.o(.ARM.Collect$$libinit$$00000002)
    __rt_lib_init_heap_1                     0x080001f3   Thumb Code     0  libinit2.o(.ARM.Collect$$libinit$$00000008)
    __rt_lib_init_lc_common                  0x080001f3   Thumb Code     0  libinit2.o(.ARM.Collect$$libinit$$0000000D)
    __rt_lib_init_rand_1                     0x080001f3   Thumb Code     0  libinit2.o(.ARM.Collect$$libinit$$0000000C)
    __rt_lib_init_user_alloc_1               0x080001f3   Thumb Code     0  libinit2.o(.ARM.Collect$$libinit$$0000000A)
    __rt_lib_init_lc_collate_1               0x080001f9   Thumb Code     0  libinit2.o(.ARM.Collect$$libinit$$0000000F)
    __rt_lib_init_lc_ctype_2                 0x080001f9   Thumb Code     0  libinit2.o(.ARM.Collect$$libinit$$00000010)
    __rt_lib_init_lc_ctype_1                 0x08000205   Thumb Code     0  libinit2.o(.ARM.Collect$$libinit$$00000011)
    __rt_lib_init_lc_monetary_1              0x08000205   Thumb Code     0  libinit2.o(.ARM.Collect$$libinit$$00000013)
    __rt_lib_init_lc_numeric_2               0x08000205   Thumb Code     0  libinit2.o(.ARM.Collect$$libinit$$00000014)
    __rt_lib_init_alloca_1                   0x0800020f   Thumb Code     0  libinit2.o(.ARM.Collect$$libinit$$0000002C)
    __rt_lib_init_argv_1                     0x0800020f   Thumb Code     0  libinit2.o(.ARM.Collect$$libinit$$0000002A)
    __rt_lib_init_atexit_1                   0x0800020f   Thumb Code     0  libinit2.o(.ARM.Collect$$libinit$$00000019)
    __rt_lib_init_clock_1                    0x0800020f   Thumb Code     0  libinit2.o(.ARM.Collect$$libinit$$0000001F)
    __rt_lib_init_cpp_1                      0x0800020f   Thumb Code     0  libinit2.o(.ARM.Collect$$libinit$$00000030)
    __rt_lib_init_exceptions_1               0x0800020f   Thumb Code     0  libinit2.o(.ARM.Collect$$libinit$$0000002E)
    __rt_lib_init_fp_trap_1                  0x0800020f   Thumb Code     0  libinit2.o(.ARM.Collect$$libinit$$0000001D)
    __rt_lib_init_getenv_1                   0x0800020f   Thumb Code     0  libinit2.o(.ARM.Collect$$libinit$$00000021)
    __rt_lib_init_lc_numeric_1               0x0800020f   Thumb Code     0  libinit2.o(.ARM.Collect$$libinit$$00000015)
    __rt_lib_init_lc_time_1                  0x0800020f   Thumb Code     0  libinit2.o(.ARM.Collect$$libinit$$00000017)
    __rt_lib_init_return                     0x0800020f   Thumb Code     0  libinit2.o(.ARM.Collect$$libinit$$00000031)
    __rt_lib_init_signal_1                   0x0800020f   Thumb Code     0  libinit2.o(.ARM.Collect$$libinit$$0000001B)
    __rt_lib_init_stdio_1                    0x0800020f   Thumb Code     0  libinit2.o(.ARM.Collect$$libinit$$00000023)
    __rt_lib_shutdown                        0x08000211   Thumb Code     0  libshutdown.o(.ARM.Collect$$libshutdown$$00000000)
    __rt_lib_shutdown_fp_trap_1              0x08000213   Thumb Code     0  libshutdown2.o(.ARM.Collect$$libshutdown$$00000006)
    __rt_lib_shutdown_heap_1                 0x08000213   Thumb Code     0  libshutdown2.o(.ARM.Collect$$libshutdown$$0000000E)
    __rt_lib_shutdown_return                 0x08000213   Thumb Code     0  libshutdown2.o(.ARM.Collect$$libshutdown$$0000000F)
    __rt_lib_shutdown_signal_1               0x08000213   Thumb Code     0  libshutdown2.o(.ARM.Collect$$libshutdown$$00000009)
    __rt_lib_shutdown_stdio_1                0x08000213   Thumb Code     0  libshutdown2.o(.ARM.Collect$$libshutdown$$00000003)
    __rt_lib_shutdown_user_alloc_1           0x08000213   Thumb Code     0  libshutdown2.o(.ARM.Collect$$libshutdown$$0000000B)
    __rt_entry                               0x08000215   Thumb Code     0  rtentry.o(.ARM.Collect$$rtentry$$00000000)
    __rt_entry_presh_1                       0x08000215   Thumb Code     0  rtentry2.o(.ARM.Collect$$rtentry$$00000002)
    __rt_entry_sh                            0x08000215   Thumb Code     0  rtentry4.o(.ARM.Collect$$rtentry$$00000004)
    __rt_entry_li                            0x0800021b   Thumb Code     0  rtentry2.o(.ARM.Collect$$rtentry$$0000000A)
    __rt_entry_postsh_1                      0x0800021b   Thumb Code     0  rtentry2.o(.ARM.Collect$$rtentry$$00000009)
    __rt_entry_main                          0x0800021f   Thumb Code     0  rtentry2.o(.ARM.Collect$$rtentry$$0000000D)
    __rt_entry_postli_1                      0x0800021f   Thumb Code     0  rtentry2.o(.ARM.Collect$$rtentry$$0000000C)
    __rt_exit                                0x08000227   Thumb Code     0  rtexit.o(.ARM.Collect$$rtexit$$00000000)
    __rt_exit_ls                             0x08000229   Thumb Code     0  rtexit2.o(.ARM.Collect$$rtexit$$00000003)
    __rt_exit_prels_1                        0x08000229   Thumb Code     0  rtexit2.o(.ARM.Collect$$rtexit$$00000002)
    __rt_exit_exit                           0x0800022d   Thumb Code     0  rtexit2.o(.ARM.Collect$$rtexit$$00000004)
    main                                     0x08000233   Thumb Code    64  main.o(.text)
    NMI_Handler                              0x08000273   Thumb Code     2  stm32f10x_it.o(.text)
    HardFault_Handler                        0x08000275   Thumb Code     4  stm32f10x_it.o(.text)
    MemManage_Handler                        0x08000279   Thumb Code     4  stm32f10x_it.o(.text)
    BusFault_Handler                         0x0800027d   Thumb Code     4  stm32f10x_it.o(.text)
    UsageFault_Handler                       0x08000281   Thumb Code     4  stm32f10x_it.o(.text)
    SVC_Handler                              0x08000285   Thumb Code     2  stm32f10x_it.o(.text)
    DebugMon_Handler                         0x08000287   Thumb Code     2  stm32f10x_it.o(.text)
    PendSV_Handler                           0x08000289   Thumb Code     2  stm32f10x_it.o(.text)
    SysTick_Handler                          0x0800028b   Thumb Code     2  stm32f10x_it.o(.text)
    SystemInit                               0x08000369   Thumb Code    78  system_stm32f10x.o(.text)
    SystemCoreClockUpdate                    0x080003b7   Thumb Code   142  system_stm32f10x.o(.text)
    LED_Init                                 0x08000469   Thumb Code    92  led.o(.text)
    KEY_Init                                 0x080004cd   Thumb Code    54  key.o(.text)
    KEY_Scan                                 0x08000503   Thumb Code   144  key.o(.text)
    delay_init                               0x080005b1   Thumb Code    52  delay.o(.text)
    delay_ms                                 0x080005e5   Thumb Code    54  delay.o(.text)
    delay_us                                 0x0800061b   Thumb Code    54  delay.o(.text)
    NVIC_Configuration                       0x08000659   Thumb Code    12  sys.o(.text)
    _sys_exit                                0x08000665   Thumb Code     6  usart.o(.text)
    fputc                                    0x0800066b   Thumb Code    22  usart.o(.text)
    uart_init                                0x08000681   Thumb Code   152  usart.o(.text)
    USART1_IRQHandler                        0x08000719   Thumb Code   122  usart.o(.text)
    Reset_Handler                            0x080007a5   Thumb Code     8  startup_stm32f10x_md.o(.text)
    ADC1_2_IRQHandler                        0x080007bf   Thumb Code     0  startup_stm32f10x_md.o(.text)
    CAN1_RX1_IRQHandler                      0x080007bf   Thumb Code     0  startup_stm32f10x_md.o(.text)
    CAN1_SCE_IRQHandler                      0x080007bf   Thumb Code     0  startup_stm32f10x_md.o(.text)
    DMA1_Channel1_IRQHandler                 0x080007bf   Thumb Code     0  startup_stm32f10x_md.o(.text)
    DMA1_Channel2_IRQHandler                 0x080007bf   Thumb Code     0  startup_stm32f10x_md.o(.text)
    DMA1_Channel3_IRQHandler                 0x080007bf   Thumb Code     0  startup_stm32f10x_md.o(.text)
    DMA1_Channel4_IRQHandler                 0x080007bf   Thumb Code     0  startup_stm32f10x_md.o(.text)
    DMA1_Channel5_IRQHandler                 0x080007bf   Thumb Code     0  startup_stm32f10x_md.o(.text)
    DMA1_Channel6_IRQHandler                 0x080007bf   Thumb Code     0  startup_stm32f10x_md.o(.text)
    DMA1_Channel7_IRQHandler                 0x080007bf   Thumb Code     0  startup_stm32f10x_md.o(.text)
    EXTI2_IRQHandler                         0x080007bf   Thumb Code     0  startup_stm32f10x_md.o(.text)
    EXTI3_IRQHandler                         0x080007bf   Thumb Code     0  startup_stm32f10x_md.o(.text)
    EXTI4_IRQHandler                         0x080007bf   Thumb Code     0  startup_stm32f10x_md.o(.text)
    EXTI9_5_IRQHandler                       0x080007bf   Thumb Code     0  startup_stm32f10x_md.o(.text)
    FLASH_IRQHandler                         0x080007bf   Thumb Code     0  startup_stm32f10x_md.o(.text)
    I2C1_ER_IRQHandler                       0x080007bf   Thumb Code     0  startup_stm32f10x_md.o(.text)
    I2C1_EV_IRQHandler                       0x080007bf   Thumb Code     0  startup_stm32f10x_md.o(.text)
    I2C2_ER_IRQHandler                       0x080007bf   Thumb Code     0  startup_stm32f10x_md.o(.text)
    I2C2_EV_IRQHandler                       0x080007bf   Thumb Code     0  startup_stm32f10x_md.o(.text)
    PVD_IRQHandler                           0x080007bf   Thumb Code     0  startup_stm32f10x_md.o(.text)
    RCC_IRQHandler                           0x080007bf   Thumb Code     0  startup_stm32f10x_md.o(.text)
    RTCAlarm_IRQHandler                      0x080007bf   Thumb Code     0  startup_stm32f10x_md.o(.text)
    RTC_IRQHandler                           0x080007bf   Thumb Code     0  startup_stm32f10x_md.o(.text)
    SPI1_IRQHandler                          0x080007bf   Thumb Code     0  startup_stm32f10x_md.o(.text)
    SPI2_IRQHandler                          0x080007bf   Thumb Code     0  startup_stm32f10x_md.o(.text)
    TAMPER_IRQHandler                        0x080007bf   Thumb Code     0  startup_stm32f10x_md.o(.text)
    TIM1_BRK_IRQHandler                      0x080007bf   Thumb Code     0  startup_stm32f10x_md.o(.text)
    TIM1_CC_IRQHandler                       0x080007bf   Thumb Code     0  startup_stm32f10x_md.o(.text)
    TIM1_TRG_COM_IRQHandler                  0x080007bf   Thumb Code     0  startup_stm32f10x_md.o(.text)
    TIM1_UP_IRQHandler                       0x080007bf   Thumb Code     0  startup_stm32f10x_md.o(.text)
    TIM2_IRQHandler                          0x080007bf   Thumb Code     0  startup_stm32f10x_md.o(.text)
    USART3_IRQHandler                        0x080007bf   Thumb Code     0  startup_stm32f10x_md.o(.text)
    USBWakeUp_IRQHandler                     0x080007bf   Thumb Code     0  startup_stm32f10x_md.o(.text)
    USB_HP_CAN1_TX_IRQHandler                0x080007bf   Thumb Code     0  startup_stm32f10x_md.o(.text)
    USB_LP_CAN1_RX0_IRQHandler               0x080007bf   Thumb Code     0  startup_stm32f10x_md.o(.text)
    WWDG_IRQHandler                          0x080007bf   Thumb Code     0  startup_stm32f10x_md.o(.text)
    __user_initial_stackheap                 0x080007c1   Thumb Code     0  startup_stm32f10x_md.o(.text)
    NVIC_PriorityGroupConfig                 0x080007e5   Thumb Code    10  misc.o(.text)
    NVIC_Init                                0x080007ef   Thumb Code   102  misc.o(.text)
    NVIC_SetVectorTable                      0x08000855   Thumb Code    14  misc.o(.text)
    NVIC_SystemLPConfig                      0x08000863   Thumb Code    34  misc.o(.text)
    SysTick_CLKSourceConfig                  0x08000885   Thumb Code    40  misc.o(.text)
    DMA_DeInit                               0x080008c1   Thumb Code   324  stm32f10x_dma.o(.text)
    DMA_Init                                 0x08000a05   Thumb Code    60  stm32f10x_dma.o(.text)
    DMA_StructInit                           0x08000a41   Thumb Code    26  stm32f10x_dma.o(.text)
    DMA_Cmd                                  0x08000a5b   Thumb Code    24  stm32f10x_dma.o(.text)
    DMA_ITConfig                             0x08000a73   Thumb Code    18  stm32f10x_dma.o(.text)
    DMA_SetCurrDataCounter                   0x08000a85   Thumb Code     4  stm32f10x_dma.o(.text)
    DMA_GetCurrDataCounter                   0x08000a89   Thumb Code     8  stm32f10x_dma.o(.text)
    DMA_GetFlagStatus                        0x08000a91   Thumb Code    38  stm32f10x_dma.o(.text)
    DMA_ClearFlag                            0x08000ab7   Thumb Code    22  stm32f10x_dma.o(.text)
    DMA_GetITStatus                          0x08000acd   Thumb Code    38  stm32f10x_dma.o(.text)
    DMA_ClearITPendingBit                    0x08000af3   Thumb Code    22  stm32f10x_dma.o(.text)
    EXTI_DeInit                              0x08000b11   Thumb Code    28  stm32f10x_exti.o(.text)
    EXTI_Init                                0x08000b2d   Thumb Code   142  stm32f10x_exti.o(.text)
    EXTI_StructInit                          0x08000bbb   Thumb Code    16  stm32f10x_exti.o(.text)
    EXTI_GenerateSWInterrupt                 0x08000bcb   Thumb Code    16  stm32f10x_exti.o(.text)
    EXTI_GetFlagStatus                       0x08000bdb   Thumb Code    22  stm32f10x_exti.o(.text)
    EXTI_ClearFlag                           0x08000bf1   Thumb Code     8  stm32f10x_exti.o(.text)
    EXTI_GetITStatus                         0x08000bf9   Thumb Code    34  stm32f10x_exti.o(.text)
    EXTI_ClearITPendingBit                   0x08000c1b   Thumb Code     8  stm32f10x_exti.o(.text)
    GPIO_DeInit                              0x08000c2d   Thumb Code   172  stm32f10x_gpio.o(.text)
    GPIO_AFIODeInit                          0x08000cd9   Thumb Code    20  stm32f10x_gpio.o(.text)
    GPIO_Init                                0x08000ced   Thumb Code   274  stm32f10x_gpio.o(.text)
    GPIO_StructInit                          0x08000dff   Thumb Code    16  stm32f10x_gpio.o(.text)
    GPIO_ReadInputDataBit                    0x08000e0f   Thumb Code    18  stm32f10x_gpio.o(.text)
    GPIO_ReadInputData                       0x08000e21   Thumb Code     8  stm32f10x_gpio.o(.text)
    GPIO_ReadOutputDataBit                   0x08000e29   Thumb Code    18  stm32f10x_gpio.o(.text)
    GPIO_ReadOutputData                      0x08000e3b   Thumb Code     8  stm32f10x_gpio.o(.text)
    GPIO_SetBits                             0x08000e43   Thumb Code     4  stm32f10x_gpio.o(.text)
    GPIO_ResetBits                           0x08000e47   Thumb Code     4  stm32f10x_gpio.o(.text)
    GPIO_WriteBit                            0x08000e4b   Thumb Code    10  stm32f10x_gpio.o(.text)
    GPIO_Write                               0x08000e55   Thumb Code     4  stm32f10x_gpio.o(.text)
    GPIO_PinLockConfig                       0x08000e59   Thumb Code    18  stm32f10x_gpio.o(.text)
    GPIO_EventOutputConfig                   0x08000e6b   Thumb Code    26  stm32f10x_gpio.o(.text)
    GPIO_EventOutputCmd                      0x08000e85   Thumb Code     6  stm32f10x_gpio.o(.text)
    GPIO_PinRemapConfig                      0x08000e8b   Thumb Code   138  stm32f10x_gpio.o(.text)
    GPIO_EXTILineConfig                      0x08000f15   Thumb Code    66  stm32f10x_gpio.o(.text)
    GPIO_ETH_MediaInterfaceConfig            0x08000f57   Thumb Code     6  stm32f10x_gpio.o(.text)
    RCC_DeInit                               0x08000f85   Thumb Code    64  stm32f10x_rcc.o(.text)
    RCC_HSEConfig                            0x08000fc5   Thumb Code    70  stm32f10x_rcc.o(.text)
    RCC_GetFlagStatus                        0x0800100b   Thumb Code    56  stm32f10x_rcc.o(.text)
    RCC_WaitForHSEStartUp                    0x08001043   Thumb Code    56  stm32f10x_rcc.o(.text)
    RCC_AdjustHSICalibrationValue            0x0800107b   Thumb Code    20  stm32f10x_rcc.o(.text)
    RCC_HSICmd                               0x0800108f   Thumb Code     6  stm32f10x_rcc.o(.text)
    RCC_PLLConfig                            0x08001095   Thumb Code    24  stm32f10x_rcc.o(.text)
    RCC_PLLCmd                               0x080010ad   Thumb Code     6  stm32f10x_rcc.o(.text)
    RCC_SYSCLKConfig                         0x080010b3   Thumb Code    18  stm32f10x_rcc.o(.text)
    RCC_GetSYSCLKSource                      0x080010c5   Thumb Code    10  stm32f10x_rcc.o(.text)
    RCC_HCLKConfig                           0x080010cf   Thumb Code    18  stm32f10x_rcc.o(.text)
    RCC_PCLK1Config                          0x080010e1   Thumb Code    18  stm32f10x_rcc.o(.text)
    RCC_PCLK2Config                          0x080010f3   Thumb Code    20  stm32f10x_rcc.o(.text)
    RCC_ITConfig                             0x08001107   Thumb Code    26  stm32f10x_rcc.o(.text)
    RCC_USBCLKConfig                         0x08001121   Thumb Code     6  stm32f10x_rcc.o(.text)
    RCC_ADCCLKConfig                         0x08001127   Thumb Code    18  stm32f10x_rcc.o(.text)
    RCC_LSEConfig                            0x08001139   Thumb Code    44  stm32f10x_rcc.o(.text)
    RCC_LSICmd                               0x08001165   Thumb Code     6  stm32f10x_rcc.o(.text)
    RCC_RTCCLKConfig                         0x0800116b   Thumb Code    12  stm32f10x_rcc.o(.text)
    RCC_RTCCLKCmd                            0x08001177   Thumb Code     8  stm32f10x_rcc.o(.text)
    RCC_GetClocksFreq                        0x0800117f   Thumb Code   192  stm32f10x_rcc.o(.text)
    RCC_AHBPeriphClockCmd                    0x0800123f   Thumb Code    26  stm32f10x_rcc.o(.text)
    RCC_APB2PeriphClockCmd                   0x08001259   Thumb Code    26  stm32f10x_rcc.o(.text)
    RCC_APB1PeriphClockCmd                   0x08001273   Thumb Code    26  stm32f10x_rcc.o(.text)
    RCC_APB2PeriphResetCmd                   0x0800128d   Thumb Code    26  stm32f10x_rcc.o(.text)
    RCC_APB1PeriphResetCmd                   0x080012a7   Thumb Code    26  stm32f10x_rcc.o(.text)
    RCC_BackupResetCmd                       0x080012c1   Thumb Code     8  stm32f10x_rcc.o(.text)
    RCC_ClockSecuritySystemCmd               0x080012c9   Thumb Code     6  stm32f10x_rcc.o(.text)
    RCC_MCOConfig                            0x080012cf   Thumb Code     6  stm32f10x_rcc.o(.text)
    RCC_ClearFlag                            0x080012d5   Thumb Code    14  stm32f10x_rcc.o(.text)
    RCC_GetITStatus                          0x080012e3   Thumb Code    20  stm32f10x_rcc.o(.text)
    RCC_ClearITPendingBit                    0x080012f7   Thumb Code     6  stm32f10x_rcc.o(.text)
    TIM_DeInit                               0x08001329   Thumb Code   424  stm32f10x_tim.o(.text)
    TIM_TimeBaseInit                         0x080014d1   Thumb Code   122  stm32f10x_tim.o(.text)
    TIM_OC1Init                              0x0800154b   Thumb Code   132  stm32f10x_tim.o(.text)
    TIM_OC2Init                              0x080015cf   Thumb Code   154  stm32f10x_tim.o(.text)
    TIM_OC3Init                              0x08001669   Thumb Code   150  stm32f10x_tim.o(.text)
    TIM_OC4Init                              0x080016ff   Thumb Code   182  stm32f10x_tim.o(.text)
    TIM_SetIC4Prescaler                      0x080017b5   Thumb Code    26  stm32f10x_tim.o(.text)
    TIM_SetIC3Prescaler                      0x08001851   Thumb Code    18  stm32f10x_tim.o(.text)
    TIM_SetIC2Prescaler                      0x080018dd   Thumb Code    26  stm32f10x_tim.o(.text)
    TIM_SetIC1Prescaler                      0x08001979   Thumb Code    18  stm32f10x_tim.o(.text)
    TIM_ICInit                               0x080019f7   Thumb Code   150  stm32f10x_tim.o(.text)
    TIM_PWMIConfig                           0x08001a8d   Thumb Code   124  stm32f10x_tim.o(.text)
    TIM_BDTRConfig                           0x08001b09   Thumb Code    32  stm32f10x_tim.o(.text)
    TIM_TimeBaseStructInit                   0x08001b29   Thumb Code    18  stm32f10x_tim.o(.text)
    TIM_OCStructInit                         0x08001b3b   Thumb Code    20  stm32f10x_tim.o(.text)
    TIM_ICStructInit                         0x08001b4f   Thumb Code    18  stm32f10x_tim.o(.text)
    TIM_BDTRStructInit                       0x08001b61   Thumb Code    40  stm32f10x_tim.o(.text)
    TIM_Cmd                                  0x08001b89   Thumb Code    24  stm32f10x_tim.o(.text)
    TIM_CtrlPWMOutputs                       0x08001ba1   Thumb Code    30  stm32f10x_tim.o(.text)
    TIM_ITConfig                             0x08001bbf   Thumb Code    18  stm32f10x_tim.o(.text)
    TIM_GenerateEvent                        0x08001bd1   Thumb Code     4  stm32f10x_tim.o(.text)
    TIM_DMAConfig                            0x08001bd5   Thumb Code    10  stm32f10x_tim.o(.text)
    TIM_DMACmd                               0x08001bdf   Thumb Code    18  stm32f10x_tim.o(.text)
    TIM_InternalClockConfig                  0x08001bf1   Thumb Code    12  stm32f10x_tim.o(.text)
    TIM_SelectInputTrigger                   0x08001bfd   Thumb Code    18  stm32f10x_tim.o(.text)
    TIM_ITRxExternalClockConfig              0x08001c0f   Thumb Code    24  stm32f10x_tim.o(.text)
    TIM_TIxExternalClockConfig               0x08001c27   Thumb Code    62  stm32f10x_tim.o(.text)
    TIM_ETRConfig                            0x08001c65   Thumb Code    28  stm32f10x_tim.o(.text)
    TIM_ETRClockMode1Config                  0x08001c81   Thumb Code    54  stm32f10x_tim.o(.text)
    TIM_ETRClockMode2Config                  0x08001cb7   Thumb Code    32  stm32f10x_tim.o(.text)
    TIM_PrescalerConfig                      0x08001cd7   Thumb Code     6  stm32f10x_tim.o(.text)
    TIM_CounterModeConfig                    0x08001cdd   Thumb Code    18  stm32f10x_tim.o(.text)
    TIM_EncoderInterfaceConfig               0x08001cef   Thumb Code    66  stm32f10x_tim.o(.text)
    TIM_ForcedOC1Config                      0x08001d31   Thumb Code    18  stm32f10x_tim.o(.text)
    TIM_ForcedOC2Config                      0x08001d43   Thumb Code    26  stm32f10x_tim.o(.text)
    TIM_ForcedOC3Config                      0x08001d5d   Thumb Code    18  stm32f10x_tim.o(.text)
    TIM_ForcedOC4Config                      0x08001d6f   Thumb Code    26  stm32f10x_tim.o(.text)
    TIM_ARRPreloadConfig                     0x08001d89   Thumb Code    24  stm32f10x_tim.o(.text)
    TIM_SelectCOM                            0x08001da1   Thumb Code    24  stm32f10x_tim.o(.text)
    TIM_SelectCCDMA                          0x08001db9   Thumb Code    24  stm32f10x_tim.o(.text)
    TIM_CCPreloadControl                     0x08001dd1   Thumb Code    24  stm32f10x_tim.o(.text)
    TIM_OC1PreloadConfig                     0x08001de9   Thumb Code    18  stm32f10x_tim.o(.text)
    TIM_OC2PreloadConfig                     0x08001dfb   Thumb Code    26  stm32f10x_tim.o(.text)
    TIM_OC3PreloadConfig                     0x08001e15   Thumb Code    18  stm32f10x_tim.o(.text)
    TIM_OC4PreloadConfig                     0x08001e27   Thumb Code    26  stm32f10x_tim.o(.text)
    TIM_OC1FastConfig                        0x08001e41   Thumb Code    18  stm32f10x_tim.o(.text)
    TIM_OC2FastConfig                        0x08001e53   Thumb Code    26  stm32f10x_tim.o(.text)
    TIM_OC3FastConfig                        0x08001e6d   Thumb Code    18  stm32f10x_tim.o(.text)
    TIM_OC4FastConfig                        0x08001e7f   Thumb Code    26  stm32f10x_tim.o(.text)
    TIM_ClearOC1Ref                          0x08001e99   Thumb Code    18  stm32f10x_tim.o(.text)
    TIM_ClearOC2Ref                          0x08001eab   Thumb Code    24  stm32f10x_tim.o(.text)
    TIM_ClearOC3Ref                          0x08001ec3   Thumb Code    18  stm32f10x_tim.o(.text)
    TIM_ClearOC4Ref                          0x08001ed5   Thumb Code    24  stm32f10x_tim.o(.text)
    TIM_OC1PolarityConfig                    0x08001eed   Thumb Code    18  stm32f10x_tim.o(.text)
    TIM_OC1NPolarityConfig                   0x08001eff   Thumb Code    18  stm32f10x_tim.o(.text)
    TIM_OC2PolarityConfig                    0x08001f11   Thumb Code    26  stm32f10x_tim.o(.text)
    TIM_OC2NPolarityConfig                   0x08001f2b   Thumb Code    26  stm32f10x_tim.o(.text)
    TIM_OC3PolarityConfig                    0x08001f45   Thumb Code    26  stm32f10x_tim.o(.text)
    TIM_OC3NPolarityConfig                   0x08001f5f   Thumb Code    26  stm32f10x_tim.o(.text)
    TIM_OC4PolarityConfig                    0x08001f79   Thumb Code    26  stm32f10x_tim.o(.text)
    TIM_CCxCmd                               0x08001f93   Thumb Code    30  stm32f10x_tim.o(.text)
    TIM_CCxNCmd                              0x08001fb1   Thumb Code    30  stm32f10x_tim.o(.text)
    TIM_SelectOCxM                           0x08001fcf   Thumb Code    82  stm32f10x_tim.o(.text)
    TIM_UpdateDisableConfig                  0x08002021   Thumb Code    24  stm32f10x_tim.o(.text)
    TIM_UpdateRequestConfig                  0x08002039   Thumb Code    24  stm32f10x_tim.o(.text)
    TIM_SelectHallSensor                     0x08002051   Thumb Code    24  stm32f10x_tim.o(.text)
    TIM_SelectOnePulseMode                   0x08002069   Thumb Code    18  stm32f10x_tim.o(.text)
    TIM_SelectOutputTrigger                  0x0800207b   Thumb Code    18  stm32f10x_tim.o(.text)
    TIM_SelectSlaveMode                      0x0800208d   Thumb Code    18  stm32f10x_tim.o(.text)
    TIM_SelectMasterSlaveMode                0x0800209f   Thumb Code    18  stm32f10x_tim.o(.text)
    TIM_SetCounter                           0x080020b1   Thumb Code     4  stm32f10x_tim.o(.text)
    TIM_SetAutoreload                        0x080020b5   Thumb Code     4  stm32f10x_tim.o(.text)
    TIM_SetCompare1                          0x080020b9   Thumb Code     4  stm32f10x_tim.o(.text)
    TIM_SetCompare2                          0x080020bd   Thumb Code     4  stm32f10x_tim.o(.text)
    TIM_SetCompare3                          0x080020c1   Thumb Code     4  stm32f10x_tim.o(.text)
    TIM_SetCompare4                          0x080020c5   Thumb Code     6  stm32f10x_tim.o(.text)
    TIM_SetClockDivision                     0x080020cb   Thumb Code    18  stm32f10x_tim.o(.text)
    TIM_GetCapture1                          0x080020dd   Thumb Code     6  stm32f10x_tim.o(.text)
    TIM_GetCapture2                          0x080020e3   Thumb Code     6  stm32f10x_tim.o(.text)
    TIM_GetCapture3                          0x080020e9   Thumb Code     6  stm32f10x_tim.o(.text)
    TIM_GetCapture4                          0x080020ef   Thumb Code     8  stm32f10x_tim.o(.text)
    TIM_GetCounter                           0x080020f7   Thumb Code     6  stm32f10x_tim.o(.text)
    TIM_GetPrescaler                         0x080020fd   Thumb Code     6  stm32f10x_tim.o(.text)
    TIM_GetFlagStatus                        0x08002103   Thumb Code    18  stm32f10x_tim.o(.text)
    TIM_ClearFlag                            0x08002115   Thumb Code     6  stm32f10x_tim.o(.text)
    TIM_GetITStatus                          0x0800211b   Thumb Code    34  stm32f10x_tim.o(.text)
    TIM_ClearITPendingBit                    0x0800213d   Thumb Code     6  stm32f10x_tim.o(.text)
    USART_DeInit                             0x08002145   Thumb Code   134  stm32f10x_usart.o(.text)
    USART_Init                               0x080021cb   Thumb Code   210  stm32f10x_usart.o(.text)
    USART_StructInit                         0x0800229d   Thumb Code    24  stm32f10x_usart.o(.text)
    USART_ClockInit                          0x080022b5   Thumb Code    34  stm32f10x_usart.o(.text)
    USART_ClockStructInit                    0x080022d7   Thumb Code    12  stm32f10x_usart.o(.text)
    USART_Cmd                                0x080022e3   Thumb Code    24  stm32f10x_usart.o(.text)
    USART_ITConfig                           0x080022fb   Thumb Code    74  stm32f10x_usart.o(.text)
    USART_DMACmd                             0x08002345   Thumb Code    18  stm32f10x_usart.o(.text)
    USART_SetAddress                         0x08002357   Thumb Code    18  stm32f10x_usart.o(.text)
    USART_WakeUpConfig                       0x08002369   Thumb Code    18  stm32f10x_usart.o(.text)
    USART_ReceiverWakeUpCmd                  0x0800237b   Thumb Code    24  stm32f10x_usart.o(.text)
    USART_LINBreakDetectLengthConfig         0x08002393   Thumb Code    18  stm32f10x_usart.o(.text)
    USART_LINCmd                             0x080023a5   Thumb Code    24  stm32f10x_usart.o(.text)
    USART_SendData                           0x080023bd   Thumb Code     8  stm32f10x_usart.o(.text)
    USART_ReceiveData                        0x080023c5   Thumb Code    10  stm32f10x_usart.o(.text)
    USART_SendBreak                          0x080023cf   Thumb Code    10  stm32f10x_usart.o(.text)
    USART_SetGuardTime                       0x080023d9   Thumb Code    16  stm32f10x_usart.o(.text)
    USART_SetPrescaler                       0x080023e9   Thumb Code    16  stm32f10x_usart.o(.text)
    USART_SmartCardCmd                       0x080023f9   Thumb Code    24  stm32f10x_usart.o(.text)
    USART_SmartCardNACKCmd                   0x08002411   Thumb Code    24  stm32f10x_usart.o(.text)
    USART_HalfDuplexCmd                      0x08002429   Thumb Code    24  stm32f10x_usart.o(.text)
    USART_OverSampling8Cmd                   0x08002441   Thumb Code    22  stm32f10x_usart.o(.text)
    USART_OneBitMethodCmd                    0x08002457   Thumb Code    24  stm32f10x_usart.o(.text)
    USART_IrDAConfig                         0x0800246f   Thumb Code    18  stm32f10x_usart.o(.text)
    USART_IrDACmd                            0x08002481   Thumb Code    24  stm32f10x_usart.o(.text)
    USART_GetFlagStatus                      0x08002499   Thumb Code    26  stm32f10x_usart.o(.text)
    USART_ClearFlag                          0x080024b3   Thumb Code    18  stm32f10x_usart.o(.text)
    USART_GetITStatus                        0x080024c5   Thumb Code    84  stm32f10x_usart.o(.text)
    USART_ClearITPendingBit                  0x08002519   Thumb Code    52  stm32f10x_usart.o(.text)
    EXTIX_Init                               0x0800254d   Thumb Code   258  exti.o(.text)
    EXTI0_IRQHandler                         0x0800264f   Thumb Code    56  exti.o(.text)
    EXTI15_10_IRQHandler                     0x08002687   Thumb Code    52  exti.o(.text)
    EXTI1_IRQHandler                         0x080026bb   Thumb Code    38  exti.o(.text)
    PWM_Init                                 0x080026fd   Thumb Code   358  pwm.o(.text)
    Timerx_Init                              0x08002875   Thumb Code    98  timer.o(.text)
    TIM3_IRQHandler                          0x080028d7   Thumb Code    38  timer.o(.text)
    atk_8266_check_cmd                       0x08002905   Thumb Code    44  common.o(.text)
    atk_8266_send_cmd                        0x08002931   Thumb Code    92  common.o(.text)
    atk_8266_init                            0x0800298d   Thumb Code   162  common.o(.text)
    atk_8266_send_data                       0x08002a2f   Thumb Code    84  common.o(.text)
    atk_8266_test                            0x08002a83   Thumb Code    30  common.o(.text)
    atk_8266_at_response                     0x08002aa1   Thumb Code    46  common.o(.text)
    atk_8266_quit_trans                      0x08002acf   Thumb Code    94  common.o(.text)
    atk_8266_apsta_check                     0x08002b2d   Thumb Code    62  common.o(.text)
    atk_8266_consta_check                    0x08002b6b   Thumb Code    36  common.o(.text)
    TIM4_Set                                 0x08002d19   Thumb Code    34  usart2.o(.text)
    USART2_IRQHandler                        0x08002d3b   Thumb Code    84  usart2.o(.text)
    TIM4_Init                                0x08002d8f   Thumb Code    82  usart2.o(.text)
    UART_DMA_Config                          0x08002de1   Thumb Code    72  usart2.o(.text)
    USART2_Init                              0x08002e29   Thumb Code   206  usart2.o(.text)
    UART_DMA_Enable                          0x08002ef7   Thumb Code    32  usart2.o(.text)
    u2_printf                                0x08002f17   Thumb Code    56  usart2.o(.text)
    TIM4_IRQHandler                          0x08002f4f   Thumb Code    40  usart2.o(.text)
    MPU_Write_Byte                           0x08002f95   Thumb Code    68  mpu6050.o(.text)
    MPU_Set_LPF                              0x08002fd9   Thumb Code    58  mpu6050.o(.text)
    MPU_Set_Rate                             0x08003013   Thumb Code    58  mpu6050.o(.text)
    MPU_Read_Byte                            0x0800304d   Thumb Code    58  mpu6050.o(.text)
    MPU_Set_Accel_Fsr                        0x08003087   Thumb Code    16  mpu6050.o(.text)
    MPU_Set_Gyro_Fsr                         0x08003097   Thumb Code    16  mpu6050.o(.text)
    MPU_Init                                 0x080030a7   Thumb Code   122  mpu6050.o(.text)
    MPU_Read_Len                             0x08003121   Thumb Code   116  mpu6050.o(.text)
    MPU_Get_Temperature                      0x08003195   Thumb Code    86  mpu6050.o(.text)
    MPU_Get_Gyroscope                        0x080031eb   Thumb Code    80  mpu6050.o(.text)
    MPU_Get_Accelerometer                    0x0800323b   Thumb Code    80  mpu6050.o(.text)
    MPU_Write_Len                            0x0800328b   Thumb Code    96  mpu6050.o(.text)
    MPU_WRITE                                0x080032eb   Thumb Code    40  mpu6050.o(.text)
    MPU_IIC_Delay                            0x08003339   Thumb Code    10  mpuiic.o(.text)
    MPU_IIC_Init                             0x08003343   Thumb Code    50  mpuiic.o(.text)
    MPU_IIC_Start                            0x08003375   Thumb Code    60  mpuiic.o(.text)
    MPU_IIC_Stop                             0x080033b1   Thumb Code    58  mpuiic.o(.text)
    MPU_IIC_Wait_Ack                         0x080033eb   Thumb Code    82  mpuiic.o(.text)
    MPU_IIC_Ack                              0x0800343d   Thumb Code    64  mpuiic.o(.text)
    MPU_IIC_NAck                             0x0800347d   Thumb Code    64  mpuiic.o(.text)
    MPU_IIC_Send_Byte                        0x080034bd   Thumb Code    84  mpuiic.o(.text)
    MPU_IIC_Read_Byte                        0x08003511   Thumb Code    92  mpuiic.o(.text)
    TIM_NVIC_Configuration                   0x08003581   Thumb Code    42  tim2.o(.text)
    TIM_Configuration                        0x080035ab   Thumb Code    64  tim2.o(.text)
    UltrasonicWave_Configuration             0x080035ed   Thumb Code    66  ultrasonicwave.o(.text)
    UltrasonicWave_CalculateTime             0x0800362f   Thumb Code    34  ultrasonicwave.o(.text)
    UltrasonicWave_StartMeasure              0x08003651   Thumb Code   126  ultrasonicwave.o(.text)
    getdistance                              0x080036cf   Thumb Code    16  ultrasonicwave.o(.text)
    __use_no_semihosting                     0x08003701   Thumb Code     2  use_no_semi_2.o(.text)
    __c89vsprintf                            0x08003705   Thumb Code    32  c89vsprintf.o(.text)
    __2printf                                0x08003729   Thumb Code    20  __2printf.o(.text)
    __2sprintf                               0x08003741   Thumb Code    38  __2sprintf.o(.text)
    _printf_pre_padding                      0x0800376d   Thumb Code    46  _printf_pad.o(.text)
    _printf_post_padding                     0x0800379b   Thumb Code    36  _printf_pad.o(.text)
    _printf_str                              0x080037bf   Thumb Code    82  _printf_str.o(.text)
    _printf_int_dec                          0x08003811   Thumb Code   102  _printf_dec.o(.text)
    _printf_longlong_hex                     0x08003889   Thumb Code    92  _printf_hex_int_ll_ptr.o(.text)
    _printf_int_hex                          0x080038e5   Thumb Code    28  _printf_hex_int_ll_ptr.o(.text)
    _printf_ll_hex                           0x08003901   Thumb Code    12  _printf_hex_int_ll_ptr.o(.text)
    _printf_hex_ptr                          0x0800390d   Thumb Code    18  _printf_hex_int_ll_ptr.o(.text)
    __printf                                 0x08003925   Thumb Code   390  __printf_flags_ss_wp.o(.text)
    strstr                                   0x08003ab1   Thumb Code    36  strstr.o(.text)
    strlen                                   0x08003ad5   Thumb Code    62  strlen.o(.text)
    __use_two_region_memory                  0x08003b13   Thumb Code     2  heapauxi.o(.text)
    __rt_heap_escrow$2region                 0x08003b15   Thumb Code     2  heapauxi.o(.text)
    __rt_heap_expand$2region                 0x08003b17   Thumb Code     2  heapauxi.o(.text)
    __I$use$semihosting                      0x08003b19   Thumb Code     0  use_no_semi.o(.text)
    __use_no_semihosting_swi                 0x08003b19   Thumb Code     2  use_no_semi.o(.text)
    _printf_truncate_signed                  0x08003b1b   Thumb Code    18  _printf_truncate.o(.text)
    _printf_truncate_unsigned                0x08003b2d   Thumb Code    18  _printf_truncate.o(.text)
    _printf_int_common                       0x08003b3f   Thumb Code   184  _printf_intcommon.o(.text)
    _printf_charcount                        0x08003bf7   Thumb Code    42  _printf_charcount.o(.text)
    _printf_char_common                      0x08003c2b   Thumb Code    32  _printf_char_common.o(.text)
    _sputc                                   0x08003c51   Thumb Code    10  _sputc.o(.text)
    _printf_cs_common                        0x08003c5b   Thumb Code    20  _printf_char.o(.text)
    _printf_char                             0x08003c6f   Thumb Code    16  _printf_char.o(.text)
    _printf_string                           0x08003c7f   Thumb Code     8  _printf_char.o(.text)
    _printf_char_file                        0x08003c89   Thumb Code    32  _printf_char_file.o(.text)
    _printf_wctomb                           0x08003cad   Thumb Code   182  _printf_wctomb.o(.text)
    _printf_longlong_dec                     0x08003d69   Thumb Code   104  _printf_longlong_dec.o(.text)
    _printf_longlong_oct                     0x08003de1   Thumb Code    76  _printf_oct_int_ll.o(.text)
    _printf_int_oct                          0x08003e2d   Thumb Code    24  _printf_oct_int_ll.o(.text)
    _printf_ll_oct                           0x08003e45   Thumb Code    12  _printf_oct_int_ll.o(.text)
    _ll_udiv10                               0x08003e59   Thumb Code   138  lludiv10.o(.text)
    __lib_sel_fp_printf                      0x08003ee3   Thumb Code     2  _printf_fp_dec.o(.text)
    _printf_fp_dec_real                      0x0800408f   Thumb Code   628  _printf_fp_dec.o(.text)
    _printf_lcs_common                       0x08004303   Thumb Code    20  _printf_wchar.o(.text)
    _printf_wchar                            0x08004317   Thumb Code    16  _printf_wchar.o(.text)
    _printf_wstring                          0x08004327   Thumb Code     8  _printf_wchar.o(.text)
    ferror                                   0x0800432f   Thumb Code     8  ferror.o(.text)
    _wcrtomb                                 0x08004337   Thumb Code    64  _wcrtomb.o(.text)
    __user_libspace                          0x08004379   Thumb Code     8  libspace.o(.text)
    __user_perproc_libspace                  0x08004379   Thumb Code     0  libspace.o(.text)
    __user_perthread_libspace                0x08004379   Thumb Code     0  libspace.o(.text)
    __user_setup_stackheap                   0x08004381   Thumb Code    74  sys_stackheap_outer.o(.text)
    __rt_ctype_table                         0x080043cd   Thumb Code    16  rt_ctype_table.o(.text)
    __rt_locale                              0x080043dd   Thumb Code     8  rt_locale_intlibspace.o(.text)
    _printf_fp_infnan                        0x080043e5   Thumb Code   112  _printf_fp_infnan.o(.text)
    _btod_etento                             0x08004465   Thumb Code   222  bigflt0.o(.text)
    exit                                     0x08004549   Thumb Code    12  exit.o(.text)
    strcmp                                   0x08004555   Thumb Code   128  strcmpv7m.o(.text)
    _btod_d2e                                0x080045d5   Thumb Code    62  btod.o(CL$$btod_d2e)
    _d2e_denorm_low                          0x08004613   Thumb Code    70  btod.o(CL$$btod_d2e_denorm_low)
    _d2e_norm_op1                            0x08004659   Thumb Code    96  btod.o(CL$$btod_d2e_norm_op1)
    __btod_div_common                        0x080046b9   Thumb Code   696  btod.o(CL$$btod_div_common)
    _e2e                                     0x080049f1   Thumb Code   198  btod.o(CL$$btod_e2e)
    _btod_ediv                               0x08004ab7   Thumb Code    40  btod.o(CL$$btod_ediv)
    _btod_emul                               0x08004adf   Thumb Code    40  btod.o(CL$$btod_emul)
    __btod_mult_common                       0x08004b07   Thumb Code   580  btod.o(CL$$btod_mult_common)
    __ARM_fpclassify                         0x08004d4b   Thumb Code    40  fpclassify.o(i.__ARM_fpclassify)
    _is_digit                                0x08004d73   Thumb Code    14  __printf_wp.o(i._is_digit)
    _get_lc_numeric                          0x08004d81   Thumb Code    44  lc_numeric_c.o(locale$$code)
    _get_lc_ctype                            0x08004dad   Thumb Code    44  lc_ctype_c.o(locale$$code)
    __aeabi_d2f                              0x08004dd9   Thumb Code     0  d2f.o(x$fpl$d2f)
    _d2f                                     0x08004dd9   Thumb Code    98  d2f.o(x$fpl$d2f)
    __aeabi_dadd                             0x08004e3d   Thumb Code     0  daddsub_clz.o(x$fpl$dadd)
    _dadd                                    0x08004e3d   Thumb Code   332  daddsub_clz.o(x$fpl$dadd)
    __aeabi_ddiv                             0x08004f8d   Thumb Code     0  ddiv.o(x$fpl$ddiv)
    _ddiv                                    0x08004f8d   Thumb Code   552  ddiv.o(x$fpl$ddiv)
    __aeabi_i2d                              0x0800523d   Thumb Code     0  dflt_clz.o(x$fpl$dflt)
    _dflt                                    0x0800523d   Thumb Code    46  dflt_clz.o(x$fpl$dflt)
    __fpl_dnaninf                            0x0800526b   Thumb Code   156  dnaninf.o(x$fpl$dnaninf)
    __fpl_dretinf                            0x08005307   Thumb Code    12  dretinf.o(x$fpl$dretinf)
    __aeabi_dsub                             0x08005315   Thumb Code     0  daddsub_clz.o(x$fpl$dsub)
    _dsub                                    0x08005315   Thumb Code   464  daddsub_clz.o(x$fpl$dsub)
    __aeabi_f2iz                             0x080054e9   Thumb Code     0  ffix.o(x$fpl$ffix)
    _ffix                                    0x080054e9   Thumb Code    54  ffix.o(x$fpl$ffix)
    __aeabi_fmul                             0x08005521   Thumb Code     0  fmul.o(x$fpl$fmul)
    _fmul                                    0x08005521   Thumb Code   258  fmul.o(x$fpl$fmul)
    __fpl_fnaninf                            0x08005623   Thumb Code   140  fnaninf.o(x$fpl$fnaninf)
    __fpl_fretinf                            0x080056af   Thumb Code    10  fretinf.o(x$fpl$fretinf)
    _printf_fp_dec                           0x080056b9   Thumb Code     4  printf1.o(x$fpl$printf1)
    __I$use$fp                               0x080056bc   Number         0  usenofp.o(x$fpl$usenofp)
    Region$$Table$$Base                      0x08005834   Number         0  anon$$obj.o(Region$$Table)
    Region$$Table$$Limit                     0x08005854   Number         0  anon$$obj.o(Region$$Table)
    __ctype                                  0x0800587d   Data           0  lc_ctype_c.o(locale$$data)
    SystemCoreClock                          0x20000000   Data           4  system_stm32f10x.o(.data)
    AHBPrescTable                            0x20000004   Data          16  system_stm32f10x.o(.data)
    USART_RX_STA                             0x2000001c   Data           1  usart.o(.data)
    __stdout                                 0x20000020   Data           4  usart.o(.data)
    portnum                                  0x20000038   Data           4  common.o(.data)
    ipbuf                                    0x2000003c   Data           4  common.o(.data)
    wifista_ssid                             0x20000040   Data           4  common.o(.data)
    wifista_encryption                       0x20000044   Data           4  common.o(.data)
    wifista_password                         0x20000048   Data           4  common.o(.data)
    wifiap_ssid                              0x2000004c   Data           4  common.o(.data)
    wifiap_encryption                        0x20000050   Data           4  common.o(.data)
    wifiap_password                          0x20000054   Data           4  common.o(.data)
    ATK_ESP8266_CWMODE_TBL                   0x20000058   Data          12  common.o(.data)
    ATK_ESP8266_WORKMODE_TBL                 0x20000064   Data          12  common.o(.data)
    ATK_ESP8266_ECN_TBL                      0x20000070   Data          20  common.o(.data)
    USART2_RX_STA                            0x20000084   Data           2  usart2.o(.data)
    UltrasonicWave_Distance                  0x20000086   Data           2  ultrasonicwave.o(.data)
    USART_RX_BUF                             0x20000088   Data          64  usart.o(.bss)
    USART2_TX_BUF                            0x200000c8   Data        1024  usart2.o(.bss)
    USART2_RX_BUF                            0x200004c8   Data        1024  usart2.o(.bss)
    __libspace_start                         0x200008c8   Data          96  libspace.o(.bss)
    __temporary_stack_top$libspace           0x20000928   Data           0  libspace.o(.bss)



==============================================================================

Memory Map of the image

  Image Entry point : 0x080000ed

  Load Region LR_IROM1 (Base: 0x08000000, Size: 0x00005a08, Max: 0x00020000, ABSOLUTE)

    Execution Region ER_IROM1 (Base: 0x08000000, Size: 0x00005980, Max: 0x00020000, ABSOLUTE)

    Base Addr    Size         Type   Attr      Idx    E Section Name        Object

    0x08000000   0x000000ec   Data   RO          306    RESET               startup_stm32f10x_md.o
    0x080000ec   0x00000008   Code   RO          894  * !!!main             c_w.l(__main.o)
    0x080000f4   0x00000034   Code   RO         1296    !!!scatter          c_w.l(__scatter.o)
    0x08000128   0x0000001a   Code   RO         1298    !!handler_copy      c_w.l(__scatter_copy.o)
    0x08000142   0x00000002   PAD
    0x08000144   0x0000001c   Code   RO         1300    !!handler_zi        c_w.l(__scatter_zi.o)
    0x08000160   0x00000000   Code   RO          883    .ARM.Collect$$_printf_percent$$00000000  c_w.l(_printf_percent.o)
    0x08000160   0x00000006   Code   RO         1001    .ARM.Collect$$_printf_percent$$00000001  c_w.l(_printf_n.o)
    0x08000166   0x00000006   Code   RO         1002    .ARM.Collect$$_printf_percent$$00000002  c_w.l(_printf_p.o)
    0x0800016c   0x00000006   Code   RO         1006    .ARM.Collect$$_printf_percent$$00000003  c_w.l(_printf_f.o)
    0x08000172   0x00000006   Code   RO         1007    .ARM.Collect$$_printf_percent$$00000004  c_w.l(_printf_e.o)
    0x08000178   0x00000006   Code   RO         1008    .ARM.Collect$$_printf_percent$$00000005  c_w.l(_printf_g.o)
    0x0800017e   0x00000006   Code   RO         1009    .ARM.Collect$$_printf_percent$$00000006  c_w.l(_printf_a.o)
    0x08000184   0x0000000a   Code   RO         1014    .ARM.Collect$$_printf_percent$$00000007  c_w.l(_printf_ll.o)
    0x0800018e   0x00000006   Code   RO         1004    .ARM.Collect$$_printf_percent$$00000008  c_w.l(_printf_i.o)
    0x08000194   0x00000006   Code   RO          882    .ARM.Collect$$_printf_percent$$00000009  c_w.l(_printf_d.o)
    0x0800019a   0x00000006   Code   RO         1005    .ARM.Collect$$_printf_percent$$0000000A  c_w.l(_printf_u.o)
    0x080001a0   0x00000006   Code   RO         1003    .ARM.Collect$$_printf_percent$$0000000B  c_w.l(_printf_o.o)
    0x080001a6   0x00000006   Code   RO          881    .ARM.Collect$$_printf_percent$$0000000C  c_w.l(_printf_x.o)
    0x080001ac   0x00000006   Code   RO         1011    .ARM.Collect$$_printf_percent$$0000000D  c_w.l(_printf_lli.o)
    0x080001b2   0x00000006   Code   RO         1012    .ARM.Collect$$_printf_percent$$0000000E  c_w.l(_printf_lld.o)
    0x080001b8   0x00000006   Code   RO         1013    .ARM.Collect$$_printf_percent$$0000000F  c_w.l(_printf_llu.o)
    0x080001be   0x00000006   Code   RO         1018    .ARM.Collect$$_printf_percent$$00000010  c_w.l(_printf_llo.o)
    0x080001c4   0x00000006   Code   RO         1019    .ARM.Collect$$_printf_percent$$00000011  c_w.l(_printf_llx.o)
    0x080001ca   0x0000000a   Code   RO         1015    .ARM.Collect$$_printf_percent$$00000012  c_w.l(_printf_l.o)
    0x080001d4   0x00000006   Code   RO         1000    .ARM.Collect$$_printf_percent$$00000013  c_w.l(_printf_c.o)
    0x080001da   0x00000006   Code   RO          880    .ARM.Collect$$_printf_percent$$00000014  c_w.l(_printf_s.o)
    0x080001e0   0x00000006   Code   RO         1016    .ARM.Collect$$_printf_percent$$00000015  c_w.l(_printf_lc.o)
    0x080001e6   0x00000006   Code   RO         1017    .ARM.Collect$$_printf_percent$$00000016  c_w.l(_printf_ls.o)
    0x080001ec   0x00000004   Code   RO         1010    .ARM.Collect$$_printf_percent$$00000017  c_w.l(_printf_percent_end.o)
    0x080001f0   0x00000002   Code   RO         1159    .ARM.Collect$$libinit$$00000000  c_w.l(libinit.o)
    0x080001f2   0x00000000   Code   RO         1178    .ARM.Collect$$libinit$$00000002  c_w.l(libinit2.o)
    0x080001f2   0x00000000   Code   RO         1181    .ARM.Collect$$libinit$$00000008  c_w.l(libinit2.o)
    0x080001f2   0x00000000   Code   RO         1183    .ARM.Collect$$libinit$$0000000A  c_w.l(libinit2.o)
    0x080001f2   0x00000000   Code   RO         1185    .ARM.Collect$$libinit$$0000000C  c_w.l(libinit2.o)
    0x080001f2   0x00000006   Code   RO         1186    .ARM.Collect$$libinit$$0000000D  c_w.l(libinit2.o)
    0x080001f8   0x00000000   Code   RO         1188    .ARM.Collect$$libinit$$0000000F  c_w.l(libinit2.o)
    0x080001f8   0x0000000c   Code   RO         1189    .ARM.Collect$$libinit$$00000010  c_w.l(libinit2.o)
    0x08000204   0x00000000   Code   RO         1190    .ARM.Collect$$libinit$$00000011  c_w.l(libinit2.o)
    0x08000204   0x00000000   Code   RO         1192    .ARM.Collect$$libinit$$00000013  c_w.l(libinit2.o)
    0x08000204   0x0000000a   Code   RO         1193    .ARM.Collect$$libinit$$00000014  c_w.l(libinit2.o)
    0x0800020e   0x00000000   Code   RO         1194    .ARM.Collect$$libinit$$00000015  c_w.l(libinit2.o)
    0x0800020e   0x00000000   Code   RO         1196    .ARM.Collect$$libinit$$00000017  c_w.l(libinit2.o)
    0x0800020e   0x00000000   Code   RO         1198    .ARM.Collect$$libinit$$00000019  c_w.l(libinit2.o)
    0x0800020e   0x00000000   Code   RO         1200    .ARM.Collect$$libinit$$0000001B  c_w.l(libinit2.o)
    0x0800020e   0x00000000   Code   RO         1202    .ARM.Collect$$libinit$$0000001D  c_w.l(libinit2.o)
    0x0800020e   0x00000000   Code   RO         1204    .ARM.Collect$$libinit$$0000001F  c_w.l(libinit2.o)
    0x0800020e   0x00000000   Code   RO         1206    .ARM.Collect$$libinit$$00000021  c_w.l(libinit2.o)
    0x0800020e   0x00000000   Code   RO         1208    .ARM.Collect$$libinit$$00000023  c_w.l(libinit2.o)
    0x0800020e   0x00000000   Code   RO         1212    .ARM.Collect$$libinit$$0000002A  c_w.l(libinit2.o)
    0x0800020e   0x00000000   Code   RO         1214    .ARM.Collect$$libinit$$0000002C  c_w.l(libinit2.o)
    0x0800020e   0x00000000   Code   RO         1216    .ARM.Collect$$libinit$$0000002E  c_w.l(libinit2.o)
    0x0800020e   0x00000000   Code   RO         1218    .ARM.Collect$$libinit$$00000030  c_w.l(libinit2.o)
    0x0800020e   0x00000002   Code   RO         1219    .ARM.Collect$$libinit$$00000031  c_w.l(libinit2.o)
    0x08000210   0x00000002   Code   RO         1249    .ARM.Collect$$libshutdown$$00000000  c_w.l(libshutdown.o)
    0x08000212   0x00000000   Code   RO         1264    .ARM.Collect$$libshutdown$$00000003  c_w.l(libshutdown2.o)
    0x08000212   0x00000000   Code   RO         1267    .ARM.Collect$$libshutdown$$00000006  c_w.l(libshutdown2.o)
    0x08000212   0x00000000   Code   RO         1270    .ARM.Collect$$libshutdown$$00000009  c_w.l(libshutdown2.o)
    0x08000212   0x00000000   Code   RO         1272    .ARM.Collect$$libshutdown$$0000000B  c_w.l(libshutdown2.o)
    0x08000212   0x00000000   Code   RO         1275    .ARM.Collect$$libshutdown$$0000000E  c_w.l(libshutdown2.o)
    0x08000212   0x00000002   Code   RO         1276    .ARM.Collect$$libshutdown$$0000000F  c_w.l(libshutdown2.o)
    0x08000214   0x00000000   Code   RO          970    .ARM.Collect$$rtentry$$00000000  c_w.l(rtentry.o)
    0x08000214   0x00000000   Code   RO         1063    .ARM.Collect$$rtentry$$00000002  c_w.l(rtentry2.o)
    0x08000214   0x00000006   Code   RO         1075    .ARM.Collect$$rtentry$$00000004  c_w.l(rtentry4.o)
    0x0800021a   0x00000000   Code   RO         1065    .ARM.Collect$$rtentry$$00000009  c_w.l(rtentry2.o)
    0x0800021a   0x00000004   Code   RO         1066    .ARM.Collect$$rtentry$$0000000A  c_w.l(rtentry2.o)
    0x0800021e   0x00000000   Code   RO         1068    .ARM.Collect$$rtentry$$0000000C  c_w.l(rtentry2.o)
    0x0800021e   0x00000008   Code   RO         1069    .ARM.Collect$$rtentry$$0000000D  c_w.l(rtentry2.o)
    0x08000226   0x00000002   Code   RO         1166    .ARM.Collect$$rtexit$$00000000  c_w.l(rtexit.o)
    0x08000228   0x00000000   Code   RO         1223    .ARM.Collect$$rtexit$$00000002  c_w.l(rtexit2.o)
    0x08000228   0x00000004   Code   RO         1224    .ARM.Collect$$rtexit$$00000003  c_w.l(rtexit2.o)
    0x0800022c   0x00000006   Code   RO         1225    .ARM.Collect$$rtexit$$00000004  c_w.l(rtexit2.o)
    0x08000232   0x00000040   Code   RO            1    .text               main.o
    0x08000272   0x0000001a   Code   RO          160    .text               stm32f10x_it.o
    0x0800028c   0x000001dc   Code   RO          201    .text               system_stm32f10x.o
    0x08000468   0x00000064   Code   RO          219    .text               led.o
    0x080004cc   0x000000e4   Code   RO          231    .text               key.o
    0x080005b0   0x000000a8   Code   RO          244    .text               delay.o
    0x08000658   0x0000000c   Code   RO          258    .text               sys.o
    0x08000664   0x00000140   Code   RO          270    .text               usart.o
    0x080007a4   0x00000040   Code   RO          307    .text               startup_stm32f10x_md.o
    0x080007e4   0x000000dc   Code   RO          311    .text               misc.o
    0x080008c0   0x00000250   Code   RO          407    .text               stm32f10x_dma.o
    0x08000b10   0x0000011c   Code   RO          419    .text               stm32f10x_exti.o
    0x08000c2c   0x00000358   Code   RO          455    .text               stm32f10x_gpio.o
    0x08000f84   0x000003a4   Code   RO          503    .text               stm32f10x_rcc.o
    0x08001328   0x00000e1a   Code   RO          553    .text               stm32f10x_tim.o
    0x08002142   0x00000002   PAD
    0x08002144   0x00000408   Code   RO          565    .text               stm32f10x_usart.o
    0x0800254c   0x000001b0   Code   RO          589    .text               exti.o
    0x080026fc   0x00000178   Code   RO          604    .text               pwm.o
    0x08002874   0x00000090   Code   RO          631    .text               timer.o
    0x08002904   0x00000414   Code   RO          646    .text               common.o
    0x08002d18   0x0000027c   Code   RO          666    .text               usart2.o
    0x08002f94   0x000003a4   Code   RO          692    .text               mpu6050.o
    0x08003338   0x00000248   Code   RO          704    .text               mpuiic.o
    0x08003580   0x0000006a   Code   RO          782    .text               tim2.o
    0x080035ea   0x00000002   PAD
    0x080035ec   0x00000114   Code   RO          794    .text               ultrasonicwave.o
    0x08003700   0x00000002   Code   RO          817    .text               c_w.l(use_no_semi_2.o)
    0x08003702   0x00000002   PAD
    0x08003704   0x00000024   Code   RO          821    .text               c_w.l(c89vsprintf.o)
    0x08003728   0x00000018   Code   RO          823    .text               c_w.l(__2printf.o)
    0x08003740   0x0000002c   Code   RO          825    .text               c_w.l(__2sprintf.o)
    0x0800376c   0x00000052   Code   RO          833    .text               c_w.l(_printf_pad.o)
    0x080037be   0x00000052   Code   RO          835    .text               c_w.l(_printf_str.o)
    0x08003810   0x00000078   Code   RO          837    .text               c_w.l(_printf_dec.o)
    0x08003888   0x0000009c   Code   RO          857    .text               c_w.l(_printf_hex_int_ll_ptr.o)
    0x08003924   0x0000018c   Code   RO          877    .text               c_w.l(__printf_flags_ss_wp.o)
    0x08003ab0   0x00000024   Code   RO          884    .text               c_w.l(strstr.o)
    0x08003ad4   0x0000003e   Code   RO          888    .text               c_w.l(strlen.o)
    0x08003b12   0x00000006   Code   RO          892    .text               c_w.l(heapauxi.o)
    0x08003b18   0x00000002   Code   RO          968    .text               c_w.l(use_no_semi.o)
    0x08003b1a   0x00000024   Code   RO          975    .text               c_w.l(_printf_truncate.o)
    0x08003b3e   0x000000b8   Code   RO          977    .text               c_w.l(_printf_intcommon.o)
    0x08003bf6   0x0000002a   Code   RO          979    .text               c_w.l(_printf_charcount.o)
    0x08003c20   0x00000030   Code   RO          981    .text               c_w.l(_printf_char_common.o)
    0x08003c50   0x0000000a   Code   RO          983    .text               c_w.l(_sputc.o)
    0x08003c5a   0x0000002c   Code   RO          985    .text               c_w.l(_printf_char.o)
    0x08003c86   0x00000002   PAD
    0x08003c88   0x00000024   Code   RO          987    .text               c_w.l(_printf_char_file.o)
    0x08003cac   0x000000bc   Code   RO          989    .text               c_w.l(_printf_wctomb.o)
    0x08003d68   0x00000078   Code   RO          992    .text               c_w.l(_printf_longlong_dec.o)
    0x08003de0   0x00000078   Code   RO          998    .text               c_w.l(_printf_oct_int_ll.o)
    0x08003e58   0x0000008a   Code   RO         1086    .text               c_w.l(lludiv10.o)
    0x08003ee2   0x00000420   Code   RO         1088    .text               c_w.l(_printf_fp_dec.o)
    0x08004302   0x0000002c   Code   RO         1092    .text               c_w.l(_printf_wchar.o)
    0x0800432e   0x00000008   Code   RO         1094    .text               c_w.l(ferror.o)
    0x08004336   0x00000040   Code   RO         1098    .text               c_w.l(_wcrtomb.o)
    0x08004376   0x00000002   PAD
    0x08004378   0x00000008   Code   RO         1108    .text               c_w.l(libspace.o)
    0x08004380   0x0000004a   Code   RO         1111    .text               c_w.l(sys_stackheap_outer.o)
    0x080043ca   0x00000002   PAD
    0x080043cc   0x00000010   Code   RO         1113    .text               c_w.l(rt_ctype_table.o)
    0x080043dc   0x00000008   Code   RO         1120    .text               c_w.l(rt_locale_intlibspace.o)
    0x080043e4   0x00000080   Code   RO         1122    .text               c_w.l(_printf_fp_infnan.o)
    0x08004464   0x000000e4   Code   RO         1124    .text               c_w.l(bigflt0.o)
    0x08004548   0x0000000c   Code   RO         1152    .text               c_w.l(exit.o)
    0x08004554   0x00000080   Code   RO         1175    .text               c_w.l(strcmpv7m.o)
    0x080045d4   0x0000003e   Code   RO         1127    CL$$btod_d2e        c_w.l(btod.o)
    0x08004612   0x00000046   Code   RO         1129    CL$$btod_d2e_denorm_low  c_w.l(btod.o)
    0x08004658   0x00000060   Code   RO         1128    CL$$btod_d2e_norm_op1  c_w.l(btod.o)
    0x080046b8   0x00000338   Code   RO         1137    CL$$btod_div_common  c_w.l(btod.o)
    0x080049f0   0x000000c6   Code   RO         1134    CL$$btod_e2e        c_w.l(btod.o)
    0x08004ab6   0x00000028   Code   RO         1131    CL$$btod_ediv       c_w.l(btod.o)
    0x08004ade   0x00000028   Code   RO         1130    CL$$btod_emul       c_w.l(btod.o)
    0x08004b06   0x00000244   Code   RO         1136    CL$$btod_mult_common  c_w.l(btod.o)
    0x08004d4a   0x00000028   Code   RO         1049    i.__ARM_fpclassify  m_ws.l(fpclassify.o)
    0x08004d72   0x0000000e   Code   RO          870    i._is_digit         c_w.l(__printf_wp.o)
    0x08004d80   0x0000002c   Code   RO         1150    locale$$code        c_w.l(lc_numeric_c.o)
    0x08004dac   0x0000002c   Code   RO         1169    locale$$code        c_w.l(lc_ctype_c.o)
    0x08004dd8   0x00000062   Code   RO          896    x$fpl$d2f           fz_ws.l(d2f.o)
    0x08004e3a   0x00000002   PAD
    0x08004e3c   0x00000150   Code   RO          898    x$fpl$dadd          fz_ws.l(daddsub_clz.o)
    0x08004f8c   0x000002b0   Code   RO          905    x$fpl$ddiv          fz_ws.l(ddiv.o)
    0x0800523c   0x0000002e   Code   RO          909    x$fpl$dflt          fz_ws.l(dflt_clz.o)
    0x0800526a   0x0000009c   Code   RO         1022    x$fpl$dnaninf       fz_ws.l(dnaninf.o)
    0x08005306   0x0000000c   Code   RO         1024    x$fpl$dretinf       fz_ws.l(dretinf.o)
    0x08005312   0x00000002   PAD
    0x08005314   0x000001d4   Code   RO          900    x$fpl$dsub          fz_ws.l(daddsub_clz.o)
    0x080054e8   0x00000036   Code   RO          930    x$fpl$ffix          fz_ws.l(ffix.o)
    0x0800551e   0x00000002   PAD
    0x08005520   0x00000102   Code   RO          946    x$fpl$fmul          fz_ws.l(fmul.o)
    0x08005622   0x0000008c   Code   RO         1028    x$fpl$fnaninf       fz_ws.l(fnaninf.o)
    0x080056ae   0x0000000a   Code   RO         1030    x$fpl$fretinf       fz_ws.l(fretinf.o)
    0x080056b8   0x00000004   Code   RO         1032    x$fpl$printf1       fz_ws.l(printf1.o)
    0x080056bc   0x00000000   Code   RO         1036    x$fpl$usenofp       fz_ws.l(usenofp.o)
    0x080056bc   0x00000028   Data   RO          858    .constdata          c_w.l(_printf_hex_int_ll_ptr.o)
    0x080056e4   0x00000011   Data   RO          878    .constdata          c_w.l(__printf_flags_ss_wp.o)
    0x080056f5   0x00000003   PAD
    0x080056f8   0x00000008   Data   RO          990    .constdata          c_w.l(_printf_wctomb.o)
    0x08005700   0x00000094   Data   RO         1125    .constdata          c_w.l(bigflt0.o)
    0x08005794   0x0000009d   Data   RO          647    .conststring        common.o
    0x08005831   0x00000003   PAD
    0x08005834   0x00000020   Data   RO         1294    Region$$Table       anon$$obj.o
    0x08005854   0x0000001c   Data   RO         1149    locale$$data        c_w.l(lc_numeric_c.o)
    0x08005870   0x00000110   Data   RO         1168    locale$$data        c_w.l(lc_ctype_c.o)


    Execution Region RW_IRAM1 (Base: 0x20000000, Size: 0x00000f28, Max: 0x00005000, ABSOLUTE)

    Base Addr    Size         Type   Attr      Idx    E Section Name        Object

    0x20000000   0x00000014   Data   RW          202    .data               system_stm32f10x.o
    0x20000014   0x00000001   Data   RW          232    .data               key.o
    0x20000015   0x00000001   PAD
    0x20000016   0x00000004   Data   RW          245    .data               delay.o
    0x2000001a   0x00000002   PAD
    0x2000001c   0x00000008   Data   RW          272    .data               usart.o
    0x20000024   0x00000014   Data   RW          504    .data               stm32f10x_rcc.o
    0x20000038   0x0000004c   Data   RW          648    .data               common.o
    0x20000084   0x00000002   Data   RW          668    .data               usart2.o
    0x20000086   0x00000002   Data   RW          795    .data               ultrasonicwave.o
    0x20000088   0x00000040   Zero   RW          271    .bss                usart.o
    0x200000c8   0x00000800   Zero   RW          667    .bss                usart2.o
    0x200008c8   0x00000060   Zero   RW         1109    .bss                c_w.l(libspace.o)
    0x20000928   0x00000200   Zero   RW          305    HEAP                startup_stm32f10x_md.o
    0x20000b28   0x00000400   Zero   RW          304    STACK               startup_stm32f10x_md.o


==============================================================================

Image component sizes


      Code (inc. data)   RO Data    RW Data    ZI Data      Debug   Object Name

      1044        394        157         76          0       3417   common.o
         0          0          0          0          0         32   core_cm3.o
       168          8          0          4          0        919   delay.o
       432         28          0          0          0       1080   exti.o
       228         30          0          1          0        724   key.o
       100          8          0          0          0        443   led.o
        64          0          0          0          0     262987   main.o
       220         20          0          0          0       1673   misc.o
       932         38          0          0          0       4185   mpu6050.o
       584         20          0          0          0       1974   mpuiic.o
       376         18          0          0          0        775   pwm.o
        64         26        236          0       1536        732   startup_stm32f10x_md.o
       592          8          0          0          0       4198   stm32f10x_dma.o
       284         10          0          0          0       2103   stm32f10x_exti.o
       856         40          0          0          0       5517   stm32f10x_gpio.o
        26          0          0          0          0       1114   stm32f10x_it.o
       932         44          0         20          0       8620   stm32f10x_rcc.o
      3610         88          0          0          0      22000   stm32f10x_tim.o
      1032         22          0          0          0       8240   stm32f10x_usart.o
        12          0          0          0          0        385   sys.o
       476         36          0         20          0       1543   system_stm32f10x.o
       106          0          0          0          0        635   tim2.o
       144          8          0          0          0        702   timer.o
       276         34          0          2          0       1230   ultrasonicwave.o
       320         18          0          8         64       2910   usart.o
       636         30          0          2       2048       3389   usart2.o

    ----------------------------------------------------------------------
     13518        928        428        136       3648     341527   Object Totals
         0          0         32          0          0          0   (incl. Generated)
         4          0          3          3          0          0   (incl. Padding)

    ----------------------------------------------------------------------

      Code (inc. data)   RO Data    RW Data    ZI Data      Debug   Library Member Name

        24          4          0          0          0         84   __2printf.o
        44          6          0          0          0         84   __2sprintf.o
         8          0          0          0          0         68   __main.o
       396          6         17          0          0         92   __printf_flags_ss_wp.o
        14          0          0          0          0         68   __printf_wp.o
        52          8          0          0          0          0   __scatter.o
        26          0          0          0          0          0   __scatter_copy.o
        28          0          0          0          0          0   __scatter_zi.o
         6          0          0          0          0          0   _printf_a.o
         6          0          0          0          0          0   _printf_c.o
        44          0          0          0          0        108   _printf_char.o
        48          6          0          0          0         96   _printf_char_common.o
        36          4          0          0          0         80   _printf_char_file.o
        42          0          0          0          0         68   _printf_charcount.o
         6          0          0          0          0          0   _printf_d.o
       120         18          0          0          0         92   _printf_dec.o
         6          0          0          0          0          0   _printf_e.o
         6          0          0          0          0          0   _printf_f.o
      1056          0          0          0          0        216   _printf_fp_dec.o
       128         16          0          0          0         84   _printf_fp_infnan.o
         6          0          0          0          0          0   _printf_g.o
       156          6         40          0          0        160   _printf_hex_int_ll_ptr.o
         6          0          0          0          0          0   _printf_i.o
       184          0          0          0          0         88   _printf_intcommon.o
        10          0          0          0          0          0   _printf_l.o
         6          0          0          0          0          0   _printf_lc.o
        10          0          0          0          0          0   _printf_ll.o
         6          0          0          0          0          0   _printf_lld.o
         6          0          0          0          0          0   _printf_lli.o
         6          0          0          0          0          0   _printf_llo.o
         6          0          0          0          0          0   _printf_llu.o
         6          0          0          0          0          0   _printf_llx.o
       120         16          0          0          0         92   _printf_longlong_dec.o
         6          0          0          0          0          0   _printf_ls.o
         6          0          0          0          0          0   _printf_n.o
         6          0          0          0          0          0   _printf_o.o
       120          8          0          0          0        124   _printf_oct_int_ll.o
         6          0          0          0          0          0   _printf_p.o
        82          0          0          0          0        108   _printf_pad.o
         0          0          0          0          0          0   _printf_percent.o
         4          0          0          0          0          0   _printf_percent_end.o
         6          0          0          0          0          0   _printf_s.o
        82          0          0          0          0         80   _printf_str.o
        36          0          0          0          0         84   _printf_truncate.o
         6          0          0          0          0          0   _printf_u.o
        44          0          0          0          0        108   _printf_wchar.o
       188          6          8          0          0         92   _printf_wctomb.o
         6          0          0          0          0          0   _printf_x.o
        10          0          0          0          0         68   _sputc.o
        64          0          0          0          0         92   _wcrtomb.o
       228          6        148          0          0         96   bigflt0.o
      1910        128          0          0          0        672   btod.o
        36          4          0          0          0         76   c89vsprintf.o
        12          0          0          0          0         72   exit.o
         8          0          0          0          0         68   ferror.o
         6          0          0          0          0        152   heapauxi.o
        44         10        272          0          0         76   lc_ctype_c.o
        44         10         28          0          0         76   lc_numeric_c.o
         2          0          0          0          0          0   libinit.o
        30          0          0          0          0          0   libinit2.o
         2          0          0          0          0          0   libshutdown.o
         2          0          0          0          0          0   libshutdown2.o
         8          4          0          0         96         68   libspace.o
       138          0          0          0          0         80   lludiv10.o
        16          4          0          0          0         76   rt_ctype_table.o
         8          4          0          0          0         68   rt_locale_intlibspace.o
         0          0          0          0          0          0   rtentry.o
        12          0          0          0          0          0   rtentry2.o
         6          0          0          0          0          0   rtentry4.o
         2          0          0          0          0          0   rtexit.o
        10          0          0          0          0          0   rtexit2.o
       128          0          0          0          0         68   strcmpv7m.o
        62          0          0          0          0         76   strlen.o
        36          0          0          0          0         80   strstr.o
        74          0          0          0          0         80   sys_stackheap_outer.o
         2          0          0          0          0         68   use_no_semi.o
         2          0          0          0          0         68   use_no_semi_2.o
        98          4          0          0          0         92   d2f.o
       804         16          0          0          0        272   daddsub_clz.o
       688        140          0          0          0        208   ddiv.o
        46          0          0          0          0         68   dflt_clz.o
       156          4          0          0          0         92   dnaninf.o
        12          0          0          0          0         68   dretinf.o
        54          4          0          0          0         84   ffix.o
       258          4          0          0          0         84   fmul.o
       140          4          0          0          0         84   fnaninf.o
        10          0          0          0          0         68   fretinf.o
         4          0          0          0          0         68   printf1.o
         0          0          0          0          0          0   usenofp.o
        40          0          0          0          0         68   fpclassify.o

    ----------------------------------------------------------------------
      8450        450        516          0         96       5512   Library Totals
        16          0          3          0          0          0   (incl. Padding)

    ----------------------------------------------------------------------

      Code (inc. data)   RO Data    RW Data    ZI Data      Debug   Library Name

      6124        274        513          0         96       4256   c_w.l
      2270        176          0          0          0       1188   fz_ws.l
        40          0          0          0          0         68   m_ws.l

    ----------------------------------------------------------------------
      8450        450        516          0         96       5512   Library Totals

    ----------------------------------------------------------------------

==============================================================================


      Code (inc. data)   RO Data    RW Data    ZI Data      Debug   

     21968       1378        944        136       3744     341995   Grand Totals
     21968       1378        944        136       3744     341995   ELF Image Totals
     21968       1378        944        136          0          0   ROM Totals

==============================================================================

    Total RO  Size (Code + RO Data)                22912 (  22.38kB)
    Total RW  Size (RW Data + ZI Data)              3880 (   3.79kB)
    Total ROM Size (Code + RO Data + RW Data)      23048 (  22.51kB)

==============================================================================

