<html>
<body>
<pre>
<h1>µVision Build Log</h1>
<h2>Project:</h2>
C:\Users\lvgr2\Desktop\Uber\USER\USART.uvproj
Project File Date:  10/17/2018

<h2>Output:</h2>
Rebuild target 'Target 1'
compiling main.c...
main.c(24): warning:  #223-D: function "USART2_Init" declared implicitly
main.c(25): warning:  #223-D: function "PWM_Init" declared implicitly
main.c(26): warning:  #223-D: function "TIM_Configuration" declared implicitly
main.c(27): warning:  #223-D: function "UltrasonicWave_Configuration" declared implicitly
compiling stm32f10x_it.c...
compiling system_stm32f10x.c...
compiling led.c...
compiling key.c...
compiling myiic.c...
compiling inv_mpu.c...
compiling inv_mpu_dmp_motion_driver.c...
compiling mpuiic.c...
compiling mpu6050.c...
compiling delay.c...
compiling sys.c...
compiling usart.c...
compiling core_cm3.c...
assembling startup_stm32f10x_md.s...
compiling misc.c...
compiling stm32f10x_adc.c...
compiling stm32f10x_bkp.c...
compiling stm32f10x_can.c...
compiling stm32f10x_cec.c...
compiling stm32f10x_crc.c...
compiling stm32f10x_dac.c...
compiling stm32f10x_dbgmcu.c...
compiling stm32f10x_dma.c...
compiling stm32f10x_exti.c...
compiling stm32f10x_flash.c...
compiling stm32f10x_fsmc.c...
compiling stm32f10x_gpio.c...
compiling stm32f10x_i2c.c...
compiling stm32f10x_iwdg.c...
compiling stm32f10x_pwr.c...
compiling stm32f10x_rcc.c...
compiling stm32f10x_rtc.c...
compiling stm32f10x_sdio.c...
compiling stm32f10x_spi.c...
compiling stm32f10x_tim.c...
compiling stm32f10x_usart.c...
compiling stm32f10x_wwdg.c...
compiling exti.c...
compiling pwm.c...
compiling RUN.c...
compiling timer.c...
compiling ce.c...
compiling UltrasonicWave.c...
compiling TIM2.c...
compiling common.c...
compiling usart2.c...
linking...
.\USART.axf: Error: L6200E: Symbol UltrasonicWave_Configuration multiply defined (by ultrasonicwave.o and ce.o).
.\USART.axf: Error: L6200E: Symbol UltrasonicWave_Distance multiply defined (by ultrasonicwave.o and ce.o).
.\USART.axf: Error: L6200E: Symbol UltrasonicWave_CalculateTime multiply defined (by ultrasonicwave.o and ce.o).
.\USART.axf: Error: L6200E: Symbol UltrasonicWave_StartMeasure multiply defined (by ultrasonicwave.o and ce.o).
".\USART.axf" - 4 Errors, 4 Warning(s).
Target not created
Rebuild target 'Target 1'
compiling main.c...
compiling stm32f10x_it.c...
compiling system_stm32f10x.c...
compiling led.c...
compiling key.c...
compiling myiic.c...
compiling inv_mpu.c...
compiling inv_mpu_dmp_motion_driver.c...
compiling mpuiic.c...
compiling mpu6050.c...
compiling delay.c...
compiling sys.c...
compiling usart.c...
compiling core_cm3.c...
assembling startup_stm32f10x_md.s...
compiling misc.c...
compiling stm32f10x_adc.c...
compiling stm32f10x_bkp.c...
compiling stm32f10x_can.c...
compiling stm32f10x_cec.c...
compiling stm32f10x_crc.c...
compiling stm32f10x_dac.c...
compiling stm32f10x_dbgmcu.c...
compiling stm32f10x_dma.c...
compiling stm32f10x_exti.c...
compiling stm32f10x_flash.c...
compiling stm32f10x_fsmc.c...
compiling stm32f10x_gpio.c...
compiling stm32f10x_i2c.c...
compiling stm32f10x_iwdg.c...
compiling stm32f10x_pwr.c...
compiling stm32f10x_rcc.c...
compiling stm32f10x_rtc.c...
compiling stm32f10x_sdio.c...
compiling stm32f10x_spi.c...
compiling stm32f10x_tim.c...
compiling stm32f10x_usart.c...
compiling stm32f10x_wwdg.c...
compiling exti.c...
compiling pwm.c...
compiling RUN.c...
compiling timer.c...
compiling ce.c...
compiling UltrasonicWave.c...
compiling TIM2.c...
compiling common.c...
compiling usart2.c...
linking...
.\USART.axf: Error: L6200E: Symbol UltrasonicWave_Configuration multiply defined (by ultrasonicwave.o and ce.o).
.\USART.axf: Error: L6200E: Symbol UltrasonicWave_Distance multiply defined (by ultrasonicwave.o and ce.o).
.\USART.axf: Error: L6200E: Symbol UltrasonicWave_CalculateTime multiply defined (by ultrasonicwave.o and ce.o).
.\USART.axf: Error: L6200E: Symbol UltrasonicWave_StartMeasure multiply defined (by ultrasonicwave.o and ce.o).
".\USART.axf" - 4 Errors, 0 Warning(s).
Target not created
Rebuild target 'Target 1'
compiling main.c...
compiling stm32f10x_it.c...
compiling system_stm32f10x.c...
compiling led.c...
compiling key.c...
compiling myiic.c...
compiling inv_mpu.c...
compiling inv_mpu_dmp_motion_driver.c...
compiling mpuiic.c...
compiling mpu6050.c...
compiling delay.c...
compiling sys.c...
compiling usart.c...
compiling core_cm3.c...
assembling startup_stm32f10x_md.s...
compiling misc.c...
compiling stm32f10x_adc.c...
compiling stm32f10x_bkp.c...
compiling stm32f10x_can.c...
compiling stm32f10x_cec.c...
compiling stm32f10x_crc.c...
compiling stm32f10x_dac.c...
compiling stm32f10x_dbgmcu.c...
compiling stm32f10x_dma.c...
compiling stm32f10x_exti.c...
compiling stm32f10x_flash.c...
compiling stm32f10x_fsmc.c...
compiling stm32f10x_gpio.c...
compiling stm32f10x_i2c.c...
compiling stm32f10x_iwdg.c...
compiling stm32f10x_pwr.c...
compiling stm32f10x_rcc.c...
compiling stm32f10x_rtc.c...
compiling stm32f10x_sdio.c...
compiling stm32f10x_spi.c...
compiling stm32f10x_tim.c...
compiling stm32f10x_usart.c...
compiling stm32f10x_wwdg.c...
compiling exti.c...
compiling pwm.c...
compiling RUN.c...
compiling timer.c...
compiling UltrasonicWave.c...
compiling TIM2.c...
compiling common.c...
compiling usart2.c...
linking...
Program Size: Code=20608 RO-data=784 RW-data=56 ZI-data=3744  
FromELF: creating hex file...
".\USART.axf" - 0 Errors, 0 Warning(s).
Rebuild target 'Target 1'
compiling main.c...
compiling stm32f10x_it.c...
compiling system_stm32f10x.c...
compiling led.c...
compiling key.c...
compiling delay.c...
compiling sys.c...
compiling usart.c...
compiling core_cm3.c...
assembling startup_stm32f10x_md.s...
compiling misc.c...
compiling stm32f10x_adc.c...
compiling stm32f10x_bkp.c...
compiling stm32f10x_can.c...
compiling stm32f10x_cec.c...
compiling stm32f10x_crc.c...
compiling stm32f10x_dac.c...
compiling stm32f10x_dbgmcu.c...
compiling stm32f10x_dma.c...
compiling stm32f10x_exti.c...
compiling stm32f10x_flash.c...
compiling stm32f10x_fsmc.c...
compiling stm32f10x_gpio.c...
compiling stm32f10x_i2c.c...
compiling stm32f10x_iwdg.c...
compiling stm32f10x_pwr.c...
compiling stm32f10x_rcc.c...
compiling stm32f10x_rtc.c...
compiling stm32f10x_sdio.c...
compiling stm32f10x_spi.c...
compiling stm32f10x_tim.c...
compiling stm32f10x_usart.c...
compiling stm32f10x_wwdg.c...
compiling exti.c...
compiling pwm.c...
compiling RUN.c...
compiling timer.c...
compiling common.c...
compiling usart2.c...
compiling mpu6050.c...
compiling mpuiic.c...
compiling inv_mpu_dmp_motion_driver.c...
compiling inv_mpu.c...
compiling myiic.c...
compiling TIM2.c...
compiling UltrasonicWave.c...
compiling ray.c...
..\HARDWARE\Ray\ray.c(3): warning:  #1-D: last line of file ends without a newline
linking...
Program Size: Code=20608 RO-data=784 RW-data=56 ZI-data=3744  
FromELF: creating hex file...
".\USART.axf" - 0 Errors, 1 Warning(s).
Rebuild target 'Target 1'
compiling main.c...
compiling stm32f10x_it.c...
compiling system_stm32f10x.c...
compiling led.c...
compiling key.c...
compiling delay.c...
compiling sys.c...
compiling usart.c...
compiling core_cm3.c...
assembling startup_stm32f10x_md.s...
compiling misc.c...
compiling stm32f10x_adc.c...
compiling stm32f10x_bkp.c...
compiling stm32f10x_can.c...
compiling stm32f10x_cec.c...
compiling stm32f10x_crc.c...
compiling stm32f10x_dac.c...
compiling stm32f10x_dbgmcu.c...
compiling stm32f10x_dma.c...
compiling stm32f10x_exti.c...
compiling stm32f10x_flash.c...
compiling stm32f10x_fsmc.c...
compiling stm32f10x_gpio.c...
compiling stm32f10x_i2c.c...
compiling stm32f10x_iwdg.c...
compiling stm32f10x_pwr.c...
compiling stm32f10x_rcc.c...
compiling stm32f10x_rtc.c...
compiling stm32f10x_sdio.c...
compiling stm32f10x_spi.c...
compiling stm32f10x_tim.c...
compiling stm32f10x_usart.c...
compiling stm32f10x_wwdg.c...
compiling exti.c...
compiling pwm.c...
compiling RUN.c...
compiling timer.c...
compiling common.c...
compiling usart2.c...
compiling mpu6050.c...
compiling mpuiic.c...
compiling inv_mpu_dmp_motion_driver.c...
compiling inv_mpu.c...
compiling myiic.c...
compiling TIM2.c...
compiling UltrasonicWave.c...
compiling ray.c...
linking...
Program Size: Code=20608 RO-data=784 RW-data=56 ZI-data=3744  
FromELF: creating hex file...
".\USART.axf" - 0 Errors, 0 Warning(s).
Rebuild target 'Target 1'
compiling main.c...
compiling stm32f10x_it.c...
compiling system_stm32f10x.c...
compiling led.c...
compiling key.c...
compiling delay.c...
compiling sys.c...
compiling usart.c...
compiling core_cm3.c...
assembling startup_stm32f10x_md.s...
compiling misc.c...
compiling stm32f10x_adc.c...
compiling stm32f10x_bkp.c...
compiling stm32f10x_can.c...
compiling stm32f10x_cec.c...
compiling stm32f10x_crc.c...
compiling stm32f10x_dac.c...
compiling stm32f10x_dbgmcu.c...
compiling stm32f10x_dma.c...
compiling stm32f10x_exti.c...
compiling stm32f10x_flash.c...
compiling stm32f10x_fsmc.c...
compiling stm32f10x_gpio.c...
compiling stm32f10x_i2c.c...
compiling stm32f10x_iwdg.c...
compiling stm32f10x_pwr.c...
compiling stm32f10x_rcc.c...
compiling stm32f10x_rtc.c...
compiling stm32f10x_sdio.c...
compiling stm32f10x_spi.c...
compiling stm32f10x_tim.c...
compiling stm32f10x_usart.c...
compiling stm32f10x_wwdg.c...
compiling exti.c...
compiling pwm.c...
compiling RUN.c...
compiling timer.c...
compiling common.c...
compiling usart2.c...
compiling mpu6050.c...
compiling mpuiic.c...
compiling inv_mpu_dmp_motion_driver.c...
compiling inv_mpu.c...
compiling myiic.c...
compiling TIM2.c...
compiling UltrasonicWave.c...
compiling ray.c...
linking...
Program Size: Code=21736 RO-data=944 RW-data=132 ZI-data=3748  
FromELF: creating hex file...
".\USART.axf" - 0 Errors, 0 Warning(s).
Build target 'Target 1'
compiling main.c...
compiling stm32f10x_it.c...
compiling system_stm32f10x.c...
compiling led.c...
compiling key.c...
compiling delay.c...
compiling sys.c...
compiling usart.c...
compiling core_cm3.c...
compiling misc.c...
compiling stm32f10x_adc.c...
compiling stm32f10x_bkp.c...
compiling stm32f10x_can.c...
compiling stm32f10x_cec.c...
compiling stm32f10x_crc.c...
compiling stm32f10x_dac.c...
compiling stm32f10x_dbgmcu.c...
compiling stm32f10x_dma.c...
compiling stm32f10x_exti.c...
compiling stm32f10x_flash.c...
compiling stm32f10x_fsmc.c...
compiling stm32f10x_gpio.c...
compiling stm32f10x_i2c.c...
compiling stm32f10x_iwdg.c...
compiling stm32f10x_pwr.c...
compiling stm32f10x_rcc.c...
compiling stm32f10x_rtc.c...
compiling stm32f10x_sdio.c...
compiling stm32f10x_spi.c...
compiling stm32f10x_tim.c...
compiling stm32f10x_usart.c...
compiling stm32f10x_wwdg.c...
compiling exti.c...
compiling pwm.c...
compiling RUN.c...
compiling timer.c...
compiling common.c...
compiling usart2.c...
compiling mpu6050.c...
compiling mpuiic.c...
compiling inv_mpu_dmp_motion_driver.c...
compiling inv_mpu.c...
compiling myiic.c...
compiling TIM2.c...
compiling UltrasonicWave.c...
compiling ray.c...
linking...
Program Size: Code=21736 RO-data=944 RW-data=132 ZI-data=3748  
FromELF: creating hex file...
".\USART.axf" - 0 Errors, 0 Warning(s).
Rebuild target 'Target 1'
compiling main.c...
compiling stm32f10x_it.c...
compiling system_stm32f10x.c...
compiling led.c...
compiling key.c...
compiling delay.c...
compiling sys.c...
compiling usart.c...
compiling core_cm3.c...
assembling startup_stm32f10x_md.s...
compiling misc.c...
compiling stm32f10x_adc.c...
compiling stm32f10x_bkp.c...
compiling stm32f10x_can.c...
compiling stm32f10x_cec.c...
compiling stm32f10x_crc.c...
compiling stm32f10x_dac.c...
compiling stm32f10x_dbgmcu.c...
compiling stm32f10x_dma.c...
compiling stm32f10x_exti.c...
compiling stm32f10x_flash.c...
compiling stm32f10x_fsmc.c...
compiling stm32f10x_gpio.c...
compiling stm32f10x_i2c.c...
compiling stm32f10x_iwdg.c...
compiling stm32f10x_pwr.c...
compiling stm32f10x_rcc.c...
compiling stm32f10x_rtc.c...
compiling stm32f10x_sdio.c...
compiling stm32f10x_spi.c...
compiling stm32f10x_tim.c...
compiling stm32f10x_usart.c...
compiling stm32f10x_wwdg.c...
compiling exti.c...
compiling pwm.c...
compiling RUN.c...
compiling timer.c...
compiling common.c...
compiling usart2.c...
compiling mpu6050.c...
compiling mpuiic.c...
compiling inv_mpu_dmp_motion_driver.c...
compiling inv_mpu.c...
compiling myiic.c...
compiling TIM2.c...
compiling UltrasonicWave.c...
compiling ray.c...
linking...
Program Size: Code=21968 RO-data=944 RW-data=136 ZI-data=3744  
FromELF: creating hex file...
".\USART.axf" - 0 Errors, 0 Warning(s).
